 ⚠ Webpack is configured while Turbopack is not, which may cause problems.
 ⚠ See instructions if you need to configure Turbopack:
  https://nextjs.org/docs/app/api-reference/next-config-js/turbopack


[1m[33mwarn[39m[22m - The class `ease-[cubic-bezier(0.22,1,0.36,1)]` is ambiguous and matches multiple utilities.
[1m[33mwarn[39m[22m - If this is content and not a class, replace it with `ease-&lsqb;cubic-bezier(0.22,1,0.36,1)&rsqb;` to silence this warning.

[1m[33mwarn[39m[22m - The class `ease-[cubic-bezier(0.25,1,0.5,1)]` is ambiguous and matches multiple utilities.
[1m[33mwarn[39m[22m - If this is content and not a class, replace it with `ease-&lsqb;cubic-bezier(0.25,1,0.5,1)&rsqb;` to silence this warning.

[1m[33mwarn[39m[22m - The class `motion-safe:ease-[cubic-bezier(0.22,1,0.36,1)]` is ambiguous and matches multiple utilities.
[1m[33mwarn[39m[22m - If this is content and not a class, replace it with `motion-safe:ease-&lsqb;cubic-bezier(0.22,1,0.36,1)&rsqb;` to silence this warning.
 ⚠ The "images.domains" configuration is deprecated. Please use "images.remotePatterns" configuration instead.
 ⚠ Cross origin request detected from 127.0.0.1 to /_next/* resource. In a future major version of Next.js, you will need to explicitly configure "allowedDevOrigins" in next.config to allow this.
Read more: https://nextjs.org/docs/app/api-reference/config/next-config-js/allowedDevOrigins
[LOCALIZATION] AppKit refresh failed; using the last stored catalog. Error [AppKitSeedCollectionError]: AppKit is not configured. Add the AppKit API base URL and either a client ID or API key before loading localization.
    at fetchAppKitLocalizationConfig (src\lib\appkit-sdk-client.ts:78:11)
    at async loadLocalizationFromAppKit (src\lib\localization-config.ts:70:25)
  76 |   const config = await getAppKitSdkConfig(environment);
  77 |   if (!config.apiBaseUrl || (!config.clientId && !config.apiKey)) {
> 78 |     throw new AppKitSeedCollectionError(
     |           ^
  79 |       'AppKit is not configured. Add the AppKit API base URL and either a client ID or API key before loading localization.',
  80 |       'not_configured',
  81 |     ); {
  code: 'not_configured'
}
[LOCALIZATION] AppKit refresh failed; using the last stored catalog. Error [AppKitSeedCollectionError]: AppKit is not configured. Add the AppKit API base URL and either a client ID or API key before loading localization.
    at fetchAppKitLocalizationConfig (src\lib\appkit-sdk-client.ts:78:11)
    at async loadLocalizationFromAppKit (src\lib\localization-config.ts:70:25)
  76 |   const config = await getAppKitSdkConfig(environment);
  77 |   if (!config.apiBaseUrl || (!config.clientId && !config.apiKey)) {
> 78 |     throw new AppKitSeedCollectionError(
     |           ^
  79 |       'AppKit is not configured. Add the AppKit API base URL and either a client ID or API key before loading localization.',
  80 |       'not_configured',
  81 |     ); {
  code: 'not_configured'
}
 ⨯ ./src/components/settings/system-preferences/SystemPreferencesTabPanel.tsx:4:1
Module not found: Can't resolve './BrandingTab'
[0m [90m 2 |[39m
 [90m 3 |[39m [36mimport[39m { [33mAppearanceTab[39m } [36mfrom[39m [32m'./AppearanceTab'[39m[33m;[39m
[31m[1m>[22m[39m[90m 4 |[39m [36mimport[39m { [33mBrandingTab[39m } [36mfrom[39m [32m'./BrandingTab'[39m[33m;[39m
 [90m   |[39m [31m[1m^[22m[39m[31m[1m^[22m[39m[31m[1m^[22m[39m[31m[1m^[22m[39m[31m[1m^[22m[39m[31m[1m^[22m[39m[31m[1m^[22m[39m[31m[1m^[22m[39m[31m[1m^[22m[39m[31m[1m^[22m[39m[31m[1m^[22m[39m[31m[1m^[22m[39m[31m[1m^[22m[39m[31m[1m^[22m[39m[31m[1m^[22m[39m[31m[1m^[22m[39m[31m[1m^[22m[39m[31m[1m^[22m[39m[31m[1m^[22m[39m[31m[1m^[22m[39m[31m[1m^[22m[39m[31m[1m^[22m[39m[31m[1m^[22m[39m[31m[1m^[22m[39m[31m[1m^[22m[39m[31m[1m^[22m[39m[31m[1m^[22m[39m[31m[1m^[22m[39m[31m[1m^[22m[39m[31m[1m^[22m[39m[31m[1m^[22m[39m[31m[1m^[22m[39m[31m[1m^[22m[39m[31m[1m^[22m[39m[31m[1m^[22m[39m[31m[1m^[22m[39m[31m[1m^[22m[39m[31m[1m^[22m[39m[31m[1m^[22m[39m[31m[1m^[22m[39m[31m[1m^[22m[39m[31m[1m^[22m[39m[31m[1m^[22m[39m[31m[1m^[22m[39m
 [90m 5 |[39m [36mimport[39m { [33mEvaluateTab[39m } [36mfrom[39m [32m'./EvaluateTab'[39m[33m;[39m
 [90m 6 |[39m [36mimport[39m { [33mGeneralTab[39m } [36mfrom[39m [32m'./GeneralTab'[39m[33m;[39m
 [90m 7 |[39m [36mimport[39m { [33mSidebarTab[39m } [36mfrom[39m [32m'./SidebarTab'[39m[33m;[39m[0m



Import traces:
  Client Component Browser:
    ./src/components/settings/system-preferences/SystemPreferencesTabPanel.tsx [Client Component Browser]
    ./src/app/settings/system-preferences/SystemPreferencesPageView.tsx [Client Component Browser]
    ./src/app/settings/system-preferences/SystemPreferencesLoadedPageView.tsx [Client Component Browser]
    ./src/app/settings/system-preferences/page.tsx [Client Component Browser]
    ./src/app/settings/system-preferences/page.tsx [Server Component]

  Client Component SSR:
    ./src/components/settings/system-preferences/SystemPreferencesTabPanel.tsx [Client Component SSR]
    ./src/app/settings/system-preferences/SystemPreferencesPageView.tsx [Client Component SSR]
    ./src/app/settings/system-preferences/SystemPreferencesLoadedPageView.tsx [Client Component SSR]
    ./src/app/settings/system-preferences/page.tsx [Client Component SSR]
    ./src/app/settings/system-preferences/page.tsx [Server Component]

https://nextjs.org/docs/messages/module-not-found


 ⨯ ./src/components/settings/system-preferences/SystemPreferencesTabPanel.tsx:4:1
Module not found: Can't resolve './BrandingTab'
[0m [90m 2 |[39m
 [90m 3 |[39m [36mimport[39m { [33mAppearanceTab[39m } [36mfrom[39m [32m'./AppearanceTab'[39m[33m;[39m
[31m[1m>[22m[39m[90m 4 |[39m [36mimport[39m { [33mBrandingTab[39m } [36mfrom[39m [32m'./BrandingTab'[39m[33m;[39m
 [90m   |[39m [31m[1m^[22m[39m[31m[1m^[22m[39m[31m[1m^[22m[39m[31m[1m^[22m[39m[31m[1m^[22m[39m[31m[1m^[22m[39m[31m[1m^[22m[39m[31m[1m^[22m[39m[31m[1m^[22m[39m[31m[1m^[22m[39m[31m[1m^[22m[39m[31m[1m^[22m[39m[31m[1m^[22m[39m[31m[1m^[22m[39m[31m[1m^[22m[39m[31m[1m^[22m[39m[31m[1m^[22m[39m[31m[1m^[22m[39m[31m[1m^[22m[39m[31m[1m^[22m[39m[31m[1m^[22m[39m[31m[1m^[22m[39m[31m[1m^[22m[39m[31m[1m^[22m[39m[31m[1m^[22m[39m[31m[1m^[22m[39m[31m[1m^[22m[39m[31m[1m^[22m[39m[31m[1m^[22m[39m[31m[1m^[22m[39m[31m[1m^[22m[39m[31m[1m^[22m[39m[31m[1m^[22m[39m[31m[1m^[22m[39m[31m[1m^[22m[39m[31m[1m^[22m[39m[31m[1m^[22m[39m[31m[1m^[22m[39m[31m[1m^[22m[39m[31m[1m^[22m[39m[31m[1m^[22m[39m[31m[1m^[22m[39m[31m[1m^[22m[39m[31m[1m^[22m[39m
 [90m 5 |[39m [36mimport[39m { [33mEvaluateTab[39m } [36mfrom[39m [32m'./EvaluateTab'[39m[33m;[39m
 [90m 6 |[39m [36mimport[39m { [33mGeneralTab[39m } [36mfrom[39m [32m'./GeneralTab'[39m[33m;[39m
 [90m 7 |[39m [36mimport[39m { [33mSidebarTab[39m } [36mfrom[39m [32m'./SidebarTab'[39m[33m;[39m[0m



Import traces:
  Client Component Browser:
    ./src/components/settings/system-preferences/SystemPreferencesTabPanel.tsx [Client Component Browser]
    ./src/app/settings/system-preferences/SystemPreferencesPageView.tsx [Client Component Browser]
    ./src/app/settings/system-preferences/SystemPreferencesLoadedPageView.tsx [Client Component Browser]
    ./src/app/settings/system-preferences/page.tsx [Client Component Browser]
    ./src/app/settings/system-preferences/page.tsx [Server Component]

  Client Component SSR:
    ./src/components/settings/system-preferences/SystemPreferencesTabPanel.tsx [Client Component SSR]
    ./src/app/settings/system-preferences/SystemPreferencesPageView.tsx [Client Component SSR]
    ./src/app/settings/system-preferences/SystemPreferencesLoadedPageView.tsx [Client Component SSR]
    ./src/app/settings/system-preferences/page.tsx [Client Component SSR]
    ./src/app/settings/system-preferences/page.tsx [Server Component]

https://nextjs.org/docs/messages/module-not-found


 ⨯ ./src/components/settings/system-preferences/SystemPreferencesTabPanel.tsx:4:1
Module not found: Can't resolve './BrandingTab'
[0m [90m 2 |[39m
 [90m 3 |[39m [36mimport[39m { [33mAppearanceTab[39m } [36mfrom[39m [32m'./AppearanceTab'[39m[33m;[39m
[31m[1m>[22m[39m[90m 4 |[39m [36mimport[39m { [33mBrandingTab[39m } [36mfrom[39m [32m'./BrandingTab'[39m[33m;[39m
 [90m   |[39m [31m[1m^[22m[39m[31m[1m^[22m[39m[31m[1m^[22m[39m[31m[1m^[22m[39m[31m[1m^[22m[39m[31m[1m^[22m[39m[31m[1m^[22m[39m[31m[1m^[22m[39m[31m[1m^[22m[39m[31m[1m^[22m[39m[31m[1m^[22m[39m[31m[1m^[22m[39m[31m[1m^[22m[39m[31m[1m^[22m[39m[31m[1m^[22m[39m[31m[1m^[22m[39m[31m[1m^[22m[39m[31m[1m^[22m[39m[31m[1m^[22m[39m[31m[1m^[22m[39m[31m[1m^[22m[39m[31m[1m^[22m[39m[31m[1m^[22m[39m[31m[1m^[22m[39m[31m[1m^[22m[39m[31m[1m^[22m[39m[31m[1m^[22m[39m[31m[1m^[22m[39m[31m[1m^[22m[39m[31m[1m^[22m[39m[31m[1m^[22m[39m[31m[1m^[22m[39m[31m[1m^[22m[39m[31m[1m^[22m[39m[31m[1m^[22m[39m[31m[1m^[22m[39m[31m[1m^[22m[39m[31m[1m^[22m[39m[31m[1m^[22m[39m[31m[1m^[22m[39m[31m[1m^[22m[39m[31m[1m^[22m[39m[31m[1m^[22m[39m[31m[1m^[22m[39m
 [90m 5 |[39m [36mimport[39m { [33mEvaluateTab[39m } [36mfrom[39m [32m'./EvaluateTab'[39m[33m;[39m
 [90m 6 |[39m [36mimport[39m { [33mGeneralTab[39m } [36mfrom[39m [32m'./GeneralTab'[39m[33m;[39m
 [90m 7 |[39m [36mimport[39m { [33mSidebarTab[39m } [36mfrom[39m [32m'./SidebarTab'[39m[33m;[39m[0m



Import traces:
  Client Component Browser:
    ./src/components/settings/system-preferences/SystemPreferencesTabPanel.tsx [Client Component Browser]
    ./src/app/settings/system-preferences/SystemPreferencesPageView.tsx [Client Component Browser]
    ./src/app/settings/system-preferences/SystemPreferencesLoadedPageView.tsx [Client Component Browser]
    ./src/app/settings/system-preferences/page.tsx [Client Component Browser]
    ./src/app/settings/system-preferences/page.tsx [Server Component]

  Client Component SSR:
    ./src/components/settings/system-preferences/SystemPreferencesTabPanel.tsx [Client Component SSR]
    ./src/app/settings/system-preferences/SystemPreferencesPageView.tsx [Client Component SSR]
    ./src/app/settings/system-preferences/SystemPreferencesLoadedPageView.tsx [Client Component SSR]
    ./src/app/settings/system-preferences/page.tsx [Client Component SSR]
    ./src/app/settings/system-preferences/page.tsx [Server Component]

https://nextjs.org/docs/messages/module-not-found


 ⨯ ./src/components/settings/system-preferences/SystemPreferencesTabPanel.tsx:4:1
Module not found: Can't resolve './BrandingTab'
[0m [90m 2 |[39m
 [90m 3 |[39m [36mimport[39m { [33mAppearanceTab[39m } [36mfrom[39m [32m'./AppearanceTab'[39m[33m;[39m
[31m[1m>[22m[39m[90m 4 |[39m [36mimport[39m { [33mBrandingTab[39m } [36mfrom[39m [32m'./BrandingTab'[39m[33m;[39m
 [90m   |[39m [31m[1m^[22m[39m[31m[1m^[22m[39m[31m[1m^[22m[39m[31m[1m^[22m[39m[31m[1m^[22m[39m[31m[1m^[22m[39m[31m[1m^[22m[39m[31m[1m^[22m[39m[31m[1m^[22m[39m[31m[1m^[22m[39m[31m[1m^[22m[39m[31m[1m^[22m[39m[31m[1m^[22m[39m[31m[1m^[22m[39m[31m[1m^[22m[39m[31m[1m^[22m[39m[31m[1m^[22m[39m[31m[1m^[22m[39m[31m[1m^[22m[39m[31m[1m^[22m[39m[31m[1m^[22m[39m[31m[1m^[22m[39m[31m[1m^[22m[39m[31m[1m^[22m[39m[31m[1m^[22m[39m[31m[1m^[22m[39m[31m[1m^[22m[39m[31m[1m^[22m[39m[31m[1m^[22m[39m[31m[1m^[22m[39m[31m[1m^[22m[39m[31m[1m^[22m[39m[31m[1m^[22m[39m[31m[1m^[22m[39m[31m[1m^[22m[39m[31m[1m^[22m[39m[31m[1m^[22m[39m[31m[1m^[22m[39m[31m[1m^[22m[39m[31m[1m^[22m[39m[31m[1m^[22m[39m[31m[1m^[22m[39m[31m[1m^[22m[39m[31m[1m^[22m[39m
 [90m 5 |[39m [36mimport[39m { [33mEvaluateTab[39m } [36mfrom[39m [32m'./EvaluateTab'[39m[33m;[39m
 [90m 6 |[39m [36mimport[39m { [33mGeneralTab[39m } [36mfrom[39m [32m'./GeneralTab'[39m[33m;[39m
 [90m 7 |[39m [36mimport[39m { [33mSidebarTab[39m } [36mfrom[39m [32m'./SidebarTab'[39m[33m;[39m[0m



Import traces:
  Client Component Browser:
    ./src/components/settings/system-preferences/SystemPreferencesTabPanel.tsx [Client Component Browser]
    ./src/app/settings/system-preferences/SystemPreferencesPageView.tsx [Client Component Browser]
    ./src/app/settings/system-preferences/SystemPreferencesLoadedPageView.tsx [Client Component Browser]
    ./src/app/settings/system-preferences/page.tsx [Client Component Browser]
    ./src/app/settings/system-preferences/page.tsx [Server Component]

  Client Component SSR:
    ./src/components/settings/system-preferences/SystemPreferencesTabPanel.tsx [Client Component SSR]
    ./src/app/settings/system-preferences/SystemPreferencesPageView.tsx [Client Component SSR]
    ./src/app/settings/system-preferences/SystemPreferencesLoadedPageView.tsx [Client Component SSR]
    ./src/app/settings/system-preferences/page.tsx [Client Component SSR]
    ./src/app/settings/system-preferences/page.tsx [Server Component]

https://nextjs.org/docs/messages/module-not-found


