 ⚠ Webpack is configured while Turbopack is not, which may cause problems.
 ⚠ See instructions if you need to configure Turbopack:
  https://nextjs.org/docs/app/api-reference/next-config-js/turbopack


[1m[33mwarn[39m[22m - The class `ease-[cubic-bezier(0.22,1,0.36,1)]` is ambiguous and matches multiple utilities.
[1m[33mwarn[39m[22m - If this is content and not a class, replace it with `ease-&lsqb;cubic-bezier(0.22,1,0.36,1)&rsqb;` to silence this warning.

[1m[33mwarn[39m[22m - The class `ease-[cubic-bezier(0.25,1,0.5,1)]` is ambiguous and matches multiple utilities.
[1m[33mwarn[39m[22m - If this is content and not a class, replace it with `ease-&lsqb;cubic-bezier(0.25,1,0.5,1)&rsqb;` to silence this warning.

[1m[33mwarn[39m[22m - The class `motion-safe:ease-[cubic-bezier(0.22,1,0.36,1)]` is ambiguous and matches multiple utilities.
[1m[33mwarn[39m[22m - If this is content and not a class, replace it with `motion-safe:ease-&lsqb;cubic-bezier(0.22,1,0.36,1)&rsqb;` to silence this warning.
 ⚠ The "images.domains" configuration is deprecated. Please use "images.remotePatterns" configuration instead.
 ⨯ ./src/components/payroll/PayrollWorkspace.tsx:17:1
Module not found: Can't resolve './CompensationReviewWorkspace'
[0m [90m 15 |[39m [36mimport[39m { cn } [36mfrom[39m [32m'@/lib/utils'[39m[33m;[39m
 [90m 16 |[39m [36mimport[39m { [33mMetricStrip[39m[33m,[39m [33mMoney[39m[33m,[39m [33mPayrollEmpty[39m[33m,[39m [33mPayrollError[39m[33m,[39m [33mPayrollSkeleton[39m[33m,[39m [33mPayrollStatus[39m[33m,[39m [33mSectionHeading[39m } [36mfrom[39m [32m'./PayrollPrimitives'[39m[33m;[39m
[31m[1m>[22m[39m[90m 17 |[39m [36mimport[39m { [33mCompensationReviewWorkspace[39m } [36mfrom[39m [32m'./CompensationReviewWorkspace'[39m[33m;[39m
 [90m    |[39m [31m[1m^[22m[39m[31m[1m^[22m[39m[31m[1m^[22m[39m[31m[1m^[22m[39m[31m[1m^[22m[39m[31m[1m^[22m[39m[31m[1m^[22m[39m[31m[1m^[22m[39m[31m[1m^[22m[39m[31m[1m^[22m[39m[31m[1m^[22m[39m[31m[1m^[22m[39m[31m[1m^[22m[39m[31m[1m^[22m[39m[31m[1m^[22m[39m[31m[1m^[22m[39m[31m[1m^[22m[39m[31m[1m^[22m[39m[31m[1m^[22m[39m[31m[1m^[22m[39m[31m[1m^[22m[39m[31m[1m^[22m[39m[31m[1m^[22m[39m[31m[1m^[22m[39m[31m[1m^[22m[39m[31m[1m^[22m[39m[31m[1m^[22m[39m[31m[1m^[22m[39m[31m[1m^[22m[39m[31m[1m^[22m[39m[31m[1m^[22m[39m[31m[1m^[22m[39m[31m[1m^[22m[39m[31m[1m^[22m[39m[31m[1m^[22m[39m[31m[1m^[22m[39m[31m[1m^[22m[39m[31m[1m^[22m[39m[31m[1m^[22m[39m[31m[1m^[22m[39m[31m[1m^[22m[39m[31m[1m^[22m[39m[31m[1m^[22m[39m[31m[1m^[22m[39m[31m[1m^[22m[39m[31m[1m^[22m[39m[31m[1m^[22m[39m[31m[1m^[22m[39m[31m[1m^[22m[39m[31m[1m^[22m[39m[31m[1m^[22m[39m[31m[1m^[22m[39m[31m[1m^[22m[39m[31m[1m^[22m[39m[31m[1m^[22m[39m[31m[1m^[22m[39m[31m[1m^[22m[39m[31m[1m^[22m[39m[31m[1m^[22m[39m[31m[1m^[22m[39m[31m[1m^[22m[39m[31m[1m^[22m[39m[31m[1m^[22m[39m[31m[1m^[22m[39m[31m[1m^[22m[39m[31m[1m^[22m[39m[31m[1m^[22m[39m[31m[1m^[22m[39m[31m[1m^[22m[39m[31m[1m^[22m[39m[31m[1m^[22m[39m[31m[1m^[22m[39m[31m[1m^[22m[39m[31m[1m^[22m[39m[31m[1m^[22m[39m[31m[1m^[22m[39m
 [90m 18 |[39m
 [90m 19 |[39m type [33mRow[39m [33m=[39m [33mRecord[39m[33m<[39m[33mstring[39m[33m,[39m unknown[33m>[39m[33m;[39m
 [90m 20 |[39m[0m



Import trace:
  Server Component:
    ./src/components/payroll/PayrollWorkspace.tsx
    ./src/app/payroll/page.tsx

https://nextjs.org/docs/messages/module-not-found


 ⨯ ./src/components/payroll/PayrollWorkspace.tsx:17:1
Module not found: Can't resolve './CompensationReviewWorkspace'
[0m [90m 15 |[39m [36mimport[39m { cn } [36mfrom[39m [32m'@/lib/utils'[39m[33m;[39m
 [90m 16 |[39m [36mimport[39m { [33mMetricStrip[39m[33m,[39m [33mMoney[39m[33m,[39m [33mPayrollEmpty[39m[33m,[39m [33mPayrollError[39m[33m,[39m [33mPayrollSkeleton[39m[33m,[39m [33mPayrollStatus[39m[33m,[39m [33mSectionHeading[39m } [36mfrom[39m [32m'./PayrollPrimitives'[39m[33m;[39m
[31m[1m>[22m[39m[90m 17 |[39m [36mimport[39m { [33mCompensationReviewWorkspace[39m } [36mfrom[39m [32m'./CompensationReviewWorkspace'[39m[33m;[39m
 [90m    |[39m [31m[1m^[22m[39m[31m[1m^[22m[39m[31m[1m^[22m[39m[31m[1m^[22m[39m[31m[1m^[22m[39m[31m[1m^[22m[39m[31m[1m^[22m[39m[31m[1m^[22m[39m[31m[1m^[22m[39m[31m[1m^[22m[39m[31m[1m^[22m[39m[31m[1m^[22m[39m[31m[1m^[22m[39m[31m[1m^[22m[39m[31m[1m^[22m[39m[31m[1m^[22m[39m[31m[1m^[22m[39m[31m[1m^[22m[39m[31m[1m^[22m[39m[31m[1m^[22m[39m[31m[1m^[22m[39m[31m[1m^[22m[39m[31m[1m^[22m[39m[31m[1m^[22m[39m[31m[1m^[22m[39m[31m[1m^[22m[39m[31m[1m^[22m[39m[31m[1m^[22m[39m[31m[1m^[22m[39m[31m[1m^[22m[39m[31m[1m^[22m[39m[31m[1m^[22m[39m[31m[1m^[22m[39m[31m[1m^[22m[39m[31m[1m^[22m[39m[31m[1m^[22m[39m[31m[1m^[22m[39m[31m[1m^[22m[39m[31m[1m^[22m[39m[31m[1m^[22m[39m[31m[1m^[22m[39m[31m[1m^[22m[39m[31m[1m^[22m[39m[31m[1m^[22m[39m[31m[1m^[22m[39m[31m[1m^[22m[39m[31m[1m^[22m[39m[31m[1m^[22m[39m[31m[1m^[22m[39m[31m[1m^[22m[39m[31m[1m^[22m[39m[31m[1m^[22m[39m[31m[1m^[22m[39m[31m[1m^[22m[39m[31m[1m^[22m[39m[31m[1m^[22m[39m[31m[1m^[22m[39m[31m[1m^[22m[39m[31m[1m^[22m[39m[31m[1m^[22m[39m[31m[1m^[22m[39m[31m[1m^[22m[39m[31m[1m^[22m[39m[31m[1m^[22m[39m[31m[1m^[22m[39m[31m[1m^[22m[39m[31m[1m^[22m[39m[31m[1m^[22m[39m[31m[1m^[22m[39m[31m[1m^[22m[39m[31m[1m^[22m[39m[31m[1m^[22m[39m[31m[1m^[22m[39m[31m[1m^[22m[39m[31m[1m^[22m[39m[31m[1m^[22m[39m
 [90m 18 |[39m
 [90m 19 |[39m type [33mRow[39m [33m=[39m [33mRecord[39m[33m<[39m[33mstring[39m[33m,[39m unknown[33m>[39m[33m;[39m
 [90m 20 |[39m[0m



Import trace:
  Server Component:
    ./src/components/payroll/PayrollWorkspace.tsx
    ./src/app/payroll/page.tsx

https://nextjs.org/docs/messages/module-not-found


 ⨯ ./src/components/payroll/PayrollWorkspace.tsx:17:1
Module not found: Can't resolve './CompensationReviewWorkspace'
[0m [90m 15 |[39m [36mimport[39m { cn } [36mfrom[39m [32m'@/lib/utils'[39m[33m;[39m
 [90m 16 |[39m [36mimport[39m { [33mMetricStrip[39m[33m,[39m [33mMoney[39m[33m,[39m [33mPayrollEmpty[39m[33m,[39m [33mPayrollError[39m[33m,[39m [33mPayrollSkeleton[39m[33m,[39m [33mPayrollStatus[39m[33m,[39m [33mSectionHeading[39m } [36mfrom[39m [32m'./PayrollPrimitives'[39m[33m;[39m
[31m[1m>[22m[39m[90m 17 |[39m [36mimport[39m { [33mCompensationReviewWorkspace[39m } [36mfrom[39m [32m'./CompensationReviewWorkspace'[39m[33m;[39m
 [90m    |[39m [31m[1m^[22m[39m[31m[1m^[22m[39m[31m[1m^[22m[39m[31m[1m^[22m[39m[31m[1m^[22m[39m[31m[1m^[22m[39m[31m[1m^[22m[39m[31m[1m^[22m[39m[31m[1m^[22m[39m[31m[1m^[22m[39m[31m[1m^[22m[39m[31m[1m^[22m[39m[31m[1m^[22m[39m[31m[1m^[22m[39m[31m[1m^[22m[39m[31m[1m^[22m[39m[31m[1m^[22m[39m[31m[1m^[22m[39m[31m[1m^[22m[39m[31m[1m^[22m[39m[31m[1m^[22m[39m[31m[1m^[22m[39m[31m[1m^[22m[39m[31m[1m^[22m[39m[31m[1m^[22m[39m[31m[1m^[22m[39m[31m[1m^[22m[39m[31m[1m^[22m[39m[31m[1m^[22m[39m[31m[1m^[22m[39m[31m[1m^[22m[39m[31m[1m^[22m[39m[31m[1m^[22m[39m[31m[1m^[22m[39m[31m[1m^[22m[39m[31m[1m^[22m[39m[31m[1m^[22m[39m[31m[1m^[22m[39m[31m[1m^[22m[39m[31m[1m^[22m[39m[31m[1m^[22m[39m[31m[1m^[22m[39m[31m[1m^[22m[39m[31m[1m^[22m[39m[31m[1m^[22m[39m[31m[1m^[22m[39m[31m[1m^[22m[39m[31m[1m^[22m[39m[31m[1m^[22m[39m[31m[1m^[22m[39m[31m[1m^[22m[39m[31m[1m^[22m[39m[31m[1m^[22m[39m[31m[1m^[22m[39m[31m[1m^[22m[39m[31m[1m^[22m[39m[31m[1m^[22m[39m[31m[1m^[22m[39m[31m[1m^[22m[39m[31m[1m^[22m[39m[31m[1m^[22m[39m[31m[1m^[22m[39m[31m[1m^[22m[39m[31m[1m^[22m[39m[31m[1m^[22m[39m[31m[1m^[22m[39m[31m[1m^[22m[39m[31m[1m^[22m[39m[31m[1m^[22m[39m[31m[1m^[22m[39m[31m[1m^[22m[39m[31m[1m^[22m[39m[31m[1m^[22m[39m[31m[1m^[22m[39m[31m[1m^[22m[39m[31m[1m^[22m[39m
 [90m 18 |[39m
 [90m 19 |[39m type [33mRow[39m [33m=[39m [33mRecord[39m[33m<[39m[33mstring[39m[33m,[39m unknown[33m>[39m[33m;[39m
 [90m 20 |[39m[0m



Import trace:
  Server Component:
    ./src/components/payroll/PayrollWorkspace.tsx
    ./src/app/payroll/page.tsx

https://nextjs.org/docs/messages/module-not-found


 ⨯ ./src/components/payroll/PayrollWorkspace.tsx:17:1
Module not found: Can't resolve './CompensationReviewWorkspace'
[0m [90m 15 |[39m [36mimport[39m { cn } [36mfrom[39m [32m'@/lib/utils'[39m[33m;[39m
 [90m 16 |[39m [36mimport[39m { [33mMetricStrip[39m[33m,[39m [33mMoney[39m[33m,[39m [33mPayrollEmpty[39m[33m,[39m [33mPayrollError[39m[33m,[39m [33mPayrollSkeleton[39m[33m,[39m [33mPayrollStatus[39m[33m,[39m [33mSectionHeading[39m } [36mfrom[39m [32m'./PayrollPrimitives'[39m[33m;[39m
[31m[1m>[22m[39m[90m 17 |[39m [36mimport[39m { [33mCompensationReviewWorkspace[39m } [36mfrom[39m [32m'./CompensationReviewWorkspace'[39m[33m;[39m
 [90m    |[39m [31m[1m^[22m[39m[31m[1m^[22m[39m[31m[1m^[22m[39m[31m[1m^[22m[39m[31m[1m^[22m[39m[31m[1m^[22m[39m[31m[1m^[22m[39m[31m[1m^[22m[39m[31m[1m^[22m[39m[31m[1m^[22m[39m[31m[1m^[22m[39m[31m[1m^[22m[39m[31m[1m^[22m[39m[31m[1m^[22m[39m[31m[1m^[22m[39m[31m[1m^[22m[39m[31m[1m^[22m[39m[31m[1m^[22m[39m[31m[1m^[22m[39m[31m[1m^[22m[39m[31m[1m^[22m[39m[31m[1m^[22m[39m[31m[1m^[22m[39m[31m[1m^[22m[39m[31m[1m^[22m[39m[31m[1m^[22m[39m[31m[1m^[22m[39m[31m[1m^[22m[39m[31m[1m^[22m[39m[31m[1m^[22m[39m[31m[1m^[22m[39m[31m[1m^[22m[39m[31m[1m^[22m[39m[31m[1m^[22m[39m[31m[1m^[22m[39m[31m[1m^[22m[39m[31m[1m^[22m[39m[31m[1m^[22m[39m[31m[1m^[22m[39m[31m[1m^[22m[39m[31m[1m^[22m[39m[31m[1m^[22m[39m[31m[1m^[22m[39m[31m[1m^[22m[39m[31m[1m^[22m[39m[31m[1m^[22m[39m[31m[1m^[22m[39m[31m[1m^[22m[39m[31m[1m^[22m[39m[31m[1m^[22m[39m[31m[1m^[22m[39m[31m[1m^[22m[39m[31m[1m^[22m[39m[31m[1m^[22m[39m[31m[1m^[22m[39m[31m[1m^[22m[39m[31m[1m^[22m[39m[31m[1m^[22m[39m[31m[1m^[22m[39m[31m[1m^[22m[39m[31m[1m^[22m[39m[31m[1m^[22m[39m[31m[1m^[22m[39m[31m[1m^[22m[39m[31m[1m^[22m[39m[31m[1m^[22m[39m[31m[1m^[22m[39m[31m[1m^[22m[39m[31m[1m^[22m[39m[31m[1m^[22m[39m[31m[1m^[22m[39m[31m[1m^[22m[39m[31m[1m^[22m[39m[31m[1m^[22m[39m[31m[1m^[22m[39m[31m[1m^[22m[39m
 [90m 18 |[39m
 [90m 19 |[39m type [33mRow[39m [33m=[39m [33mRecord[39m[33m<[39m[33mstring[39m[33m,[39m unknown[33m>[39m[33m;[39m
 [90m 20 |[39m[0m



Import trace:
  Server Component:
    ./src/components/payroll/PayrollWorkspace.tsx
    ./src/app/payroll/page.tsx

https://nextjs.org/docs/messages/module-not-found


 ⨯ ./src/components/payroll/PayrollWorkspace.tsx:18:1
Module not found: Can't resolve './CompensationReviewWorkspace'
[0m [90m 16 |[39m [36mimport[39m { cn } [36mfrom[39m [32m'@/lib/utils'[39m[33m;[39m
 [90m 17 |[39m [36mimport[39m { [33mMetricStrip[39m[33m,[39m [33mMoney[39m[33m,[39m [33mPayrollEmpty[39m[33m,[39m [33mPayrollError[39m[33m,[39m [33mPayrollSkeleton[39m[33m,[39m [33mPayrollStatus[39m[33m,[39m [33mSectionHeading[39m } [36mfrom[39m [32m'./PayrollPrimitives'[39m[33m;[39m
[31m[1m>[22m[39m[90m 18 |[39m [36mimport[39m { [33mCompensationReviewWorkspace[39m } [36mfrom[39m [32m'./CompensationReviewWorkspace'[39m[33m;[39m
 [90m    |[39m [31m[1m^[22m[39m[31m[1m^[22m[39m[31m[1m^[22m[39m[31m[1m^[22m[39m[31m[1m^[22m[39m[31m[1m^[22m[39m[31m[1m^[22m[39m[31m[1m^[22m[39m[31m[1m^[22m[39m[31m[1m^[22m[39m[31m[1m^[22m[39m[31m[1m^[22m[39m[31m[1m^[22m[39m[31m[1m^[22m[39m[31m[1m^[22m[39m[31m[1m^[22m[39m[31m[1m^[22m[39m[31m[1m^[22m[39m[31m[1m^[22m[39m[31m[1m^[22m[39m[31m[1m^[22m[39m[31m[1m^[22m[39m[31m[1m^[22m[39m[31m[1m^[22m[39m[31m[1m^[22m[39m[31m[1m^[22m[39m[31m[1m^[22m[39m[31m[1m^[22m[39m[31m[1m^[22m[39m[31m[1m^[22m[39m[31m[1m^[22m[39m[31m[1m^[22m[39m[31m[1m^[22m[39m[31m[1m^[22m[39m[31m[1m^[22m[39m[31m[1m^[22m[39m[31m[1m^[22m[39m[31m[1m^[22m[39m[31m[1m^[22m[39m[31m[1m^[22m[39m[31m[1m^[22m[39m[31m[1m^[22m[39m[31m[1m^[22m[39m[31m[1m^[22m[39m[31m[1m^[22m[39m[31m[1m^[22m[39m[31m[1m^[22m[39m[31m[1m^[22m[39m[31m[1m^[22m[39m[31m[1m^[22m[39m[31m[1m^[22m[39m[31m[1m^[22m[39m[31m[1m^[22m[39m[31m[1m^[22m[39m[31m[1m^[22m[39m[31m[1m^[22m[39m[31m[1m^[22m[39m[31m[1m^[22m[39m[31m[1m^[22m[39m[31m[1m^[22m[39m[31m[1m^[22m[39m[31m[1m^[22m[39m[31m[1m^[22m[39m[31m[1m^[22m[39m[31m[1m^[22m[39m[31m[1m^[22m[39m[31m[1m^[22m[39m[31m[1m^[22m[39m[31m[1m^[22m[39m[31m[1m^[22m[39m[31m[1m^[22m[39m[31m[1m^[22m[39m[31m[1m^[22m[39m[31m[1m^[22m[39m[31m[1m^[22m[39m[31m[1m^[22m[39m
 [90m 19 |[39m
 [90m 20 |[39m type [33mRow[39m [33m=[39m [33mRecord[39m[33m<[39m[33mstring[39m[33m,[39m unknown[33m>[39m[33m;[39m
 [90m 21 |[39m[0m



Import trace:
  Server Component:
    ./src/components/payroll/PayrollWorkspace.tsx
    ./src/app/payroll/page.tsx

https://nextjs.org/docs/messages/module-not-found


 ⨯ ./src/components/payroll/PayrollWorkspace.tsx:18:1
Module not found: Can't resolve './CompensationReviewWorkspace'
[0m [90m 16 |[39m [36mimport[39m { cn } [36mfrom[39m [32m'@/lib/utils'[39m[33m;[39m
 [90m 17 |[39m [36mimport[39m { [33mMetricStrip[39m[33m,[39m [33mMoney[39m[33m,[39m [33mPayrollEmpty[39m[33m,[39m [33mPayrollError[39m[33m,[39m [33mPayrollSkeleton[39m[33m,[39m [33mPayrollStatus[39m[33m,[39m [33mSectionHeading[39m } [36mfrom[39m [32m'./PayrollPrimitives'[39m[33m;[39m
[31m[1m>[22m[39m[90m 18 |[39m [36mimport[39m { [33mCompensationReviewWorkspace[39m } [36mfrom[39m [32m'./CompensationReviewWorkspace'[39m[33m;[39m
 [90m    |[39m [31m[1m^[22m[39m[31m[1m^[22m[39m[31m[1m^[22m[39m[31m[1m^[22m[39m[31m[1m^[22m[39m[31m[1m^[22m[39m[31m[1m^[22m[39m[31m[1m^[22m[39m[31m[1m^[22m[39m[31m[1m^[22m[39m[31m[1m^[22m[39m[31m[1m^[22m[39m[31m[1m^[22m[39m[31m[1m^[22m[39m[31m[1m^[22m[39m[31m[1m^[22m[39m[31m[1m^[22m[39m[31m[1m^[22m[39m[31m[1m^[22m[39m[31m[1m^[22m[39m[31m[1m^[22m[39m[31m[1m^[22m[39m[31m[1m^[22m[39m[31m[1m^[22m[39m[31m[1m^[22m[39m[31m[1m^[22m[39m[31m[1m^[22m[39m[31m[1m^[22m[39m[31m[1m^[22m[39m[31m[1m^[22m[39m[31m[1m^[22m[39m[31m[1m^[22m[39m[31m[1m^[22m[39m[31m[1m^[22m[39m[31m[1m^[22m[39m[31m[1m^[22m[39m[31m[1m^[22m[39m[31m[1m^[22m[39m[31m[1m^[22m[39m[31m[1m^[22m[39m[31m[1m^[22m[39m[31m[1m^[22m[39m[31m[1m^[22m[39m[31m[1m^[22m[39m[31m[1m^[22m[39m[31m[1m^[22m[39m[31m[1m^[22m[39m[31m[1m^[22m[39m[31m[1m^[22m[39m[31m[1m^[22m[39m[31m[1m^[22m[39m[31m[1m^[22m[39m[31m[1m^[22m[39m[31m[1m^[22m[39m[31m[1m^[22m[39m[31m[1m^[22m[39m[31m[1m^[22m[39m[31m[1m^[22m[39m[31m[1m^[22m[39m[31m[1m^[22m[39m[31m[1m^[22m[39m[31m[1m^[22m[39m[31m[1m^[22m[39m[31m[1m^[22m[39m[31m[1m^[22m[39m[31m[1m^[22m[39m[31m[1m^[22m[39m[31m[1m^[22m[39m[31m[1m^[22m[39m[31m[1m^[22m[39m[31m[1m^[22m[39m[31m[1m^[22m[39m[31m[1m^[22m[39m[31m[1m^[22m[39m[31m[1m^[22m[39m[31m[1m^[22m[39m
 [90m 19 |[39m
 [90m 20 |[39m type [33mRow[39m [33m=[39m [33mRecord[39m[33m<[39m[33mstring[39m[33m,[39m unknown[33m>[39m[33m;[39m
 [90m 21 |[39m[0m



Import trace:
  Server Component:
    ./src/components/payroll/PayrollWorkspace.tsx
    ./src/app/payroll/page.tsx

https://nextjs.org/docs/messages/module-not-found


 ⨯ ./src/components/payroll/PayrollWorkspace.tsx:18:1
Module not found: Can't resolve './CompensationReviewWorkspace'
[0m [90m 16 |[39m [36mimport[39m { cn } [36mfrom[39m [32m'@/lib/utils'[39m[33m;[39m
 [90m 17 |[39m [36mimport[39m { [33mMetricStrip[39m[33m,[39m [33mMoney[39m[33m,[39m [33mPayrollEmpty[39m[33m,[39m [33mPayrollError[39m[33m,[39m [33mPayrollSkeleton[39m[33m,[39m [33mPayrollStatus[39m[33m,[39m [33mSectionHeading[39m } [36mfrom[39m [32m'./PayrollPrimitives'[39m[33m;[39m
[31m[1m>[22m[39m[90m 18 |[39m [36mimport[39m { [33mCompensationReviewWorkspace[39m } [36mfrom[39m [32m'./CompensationReviewWorkspace'[39m[33m;[39m
 [90m    |[39m [31m[1m^[22m[39m[31m[1m^[22m[39m[31m[1m^[22m[39m[31m[1m^[22m[39m[31m[1m^[22m[39m[31m[1m^[22m[39m[31m[1m^[22m[39m[31m[1m^[22m[39m[31m[1m^[22m[39m[31m[1m^[22m[39m[31m[1m^[22m[39m[31m[1m^[22m[39m[31m[1m^[22m[39m[31m[1m^[22m[39m[31m[1m^[22m[39m[31m[1m^[22m[39m[31m[1m^[22m[39m[31m[1m^[22m[39m[31m[1m^[22m[39m[31m[1m^[22m[39m[31m[1m^[22m[39m[31m[1m^[22m[39m[31m[1m^[22m[39m[31m[1m^[22m[39m[31m[1m^[22m[39m[31m[1m^[22m[39m[31m[1m^[22m[39m[31m[1m^[22m[39m[31m[1m^[22m[39m[31m[1m^[22m[39m[31m[1m^[22m[39m[31m[1m^[22m[39m[31m[1m^[22m[39m[31m[1m^[22m[39m[31m[1m^[22m[39m[31m[1m^[22m[39m[31m[1m^[22m[39m[31m[1m^[22m[39m[31m[1m^[22m[39m[31m[1m^[22m[39m[31m[1m^[22m[39m[31m[1m^[22m[39m[31m[1m^[22m[39m[31m[1m^[22m[39m[31m[1m^[22m[39m[31m[1m^[22m[39m[31m[1m^[22m[39m[31m[1m^[22m[39m[31m[1m^[22m[39m[31m[1m^[22m[39m[31m[1m^[22m[39m[31m[1m^[22m[39m[31m[1m^[22m[39m[31m[1m^[22m[39m[31m[1m^[22m[39m[31m[1m^[22m[39m[31m[1m^[22m[39m[31m[1m^[22m[39m[31m[1m^[22m[39m[31m[1m^[22m[39m[31m[1m^[22m[39m[31m[1m^[22m[39m[31m[1m^[22m[39m[31m[1m^[22m[39m[31m[1m^[22m[39m[31m[1m^[22m[39m[31m[1m^[22m[39m[31m[1m^[22m[39m[31m[1m^[22m[39m[31m[1m^[22m[39m[31m[1m^[22m[39m[31m[1m^[22m[39m[31m[1m^[22m[39m[31m[1m^[22m[39m[31m[1m^[22m[39m[31m[1m^[22m[39m
 [90m 19 |[39m
 [90m 20 |[39m type [33mRow[39m [33m=[39m [33mRecord[39m[33m<[39m[33mstring[39m[33m,[39m unknown[33m>[39m[33m;[39m
 [90m 21 |[39m[0m



Import trace:
  Server Component:
    ./src/components/payroll/PayrollWorkspace.tsx
    ./src/app/payroll/page.tsx

https://nextjs.org/docs/messages/module-not-found


 ⨯ ./src/components/payroll/PayrollWorkspace.tsx:18:1
Module not found: Can't resolve './CompensationReviewWorkspace'
[0m [90m 16 |[39m [36mimport[39m { cn } [36mfrom[39m [32m'@/lib/utils'[39m[33m;[39m
 [90m 17 |[39m [36mimport[39m { [33mMetricStrip[39m[33m,[39m [33mMoney[39m[33m,[39m [33mPayrollEmpty[39m[33m,[39m [33mPayrollError[39m[33m,[39m [33mPayrollSkeleton[39m[33m,[39m [33mPayrollStatus[39m[33m,[39m [33mSectionHeading[39m } [36mfrom[39m [32m'./PayrollPrimitives'[39m[33m;[39m
[31m[1m>[22m[39m[90m 18 |[39m [36mimport[39m { [33mCompensationReviewWorkspace[39m } [36mfrom[39m [32m'./CompensationReviewWorkspace'[39m[33m;[39m
 [90m    |[39m [31m[1m^[22m[39m[31m[1m^[22m[39m[31m[1m^[22m[39m[31m[1m^[22m[39m[31m[1m^[22m[39m[31m[1m^[22m[39m[31m[1m^[22m[39m[31m[1m^[22m[39m[31m[1m^[22m[39m[31m[1m^[22m[39m[31m[1m^[22m[39m[31m[1m^[22m[39m[31m[1m^[22m[39m[31m[1m^[22m[39m[31m[1m^[22m[39m[31m[1m^[22m[39m[31m[1m^[22m[39m[31m[1m^[22m[39m[31m[1m^[22m[39m[31m[1m^[22m[39m[31m[1m^[22m[39m[31m[1m^[22m[39m[31m[1m^[22m[39m[31m[1m^[22m[39m[31m[1m^[22m[39m[31m[1m^[22m[39m[31m[1m^[22m[39m[31m[1m^[22m[39m[31m[1m^[22m[39m[31m[1m^[22m[39m[31m[1m^[22m[39m[31m[1m^[22m[39m[31m[1m^[22m[39m[31m[1m^[22m[39m[31m[1m^[22m[39m[31m[1m^[22m[39m[31m[1m^[22m[39m[31m[1m^[22m[39m[31m[1m^[22m[39m[31m[1m^[22m[39m[31m[1m^[22m[39m[31m[1m^[22m[39m[31m[1m^[22m[39m[31m[1m^[22m[39m[31m[1m^[22m[39m[31m[1m^[22m[39m[31m[1m^[22m[39m[31m[1m^[22m[39m[31m[1m^[22m[39m[31m[1m^[22m[39m[31m[1m^[22m[39m[31m[1m^[22m[39m[31m[1m^[22m[39m[31m[1m^[22m[39m[31m[1m^[22m[39m[31m[1m^[22m[39m[31m[1m^[22m[39m[31m[1m^[22m[39m[31m[1m^[22m[39m[31m[1m^[22m[39m[31m[1m^[22m[39m[31m[1m^[22m[39m[31m[1m^[22m[39m[31m[1m^[22m[39m[31m[1m^[22m[39m[31m[1m^[22m[39m[31m[1m^[22m[39m[31m[1m^[22m[39m[31m[1m^[22m[39m[31m[1m^[22m[39m[31m[1m^[22m[39m[31m[1m^[22m[39m[31m[1m^[22m[39m[31m[1m^[22m[39m[31m[1m^[22m[39m[31m[1m^[22m[39m
 [90m 19 |[39m
 [90m 20 |[39m type [33mRow[39m [33m=[39m [33mRecord[39m[33m<[39m[33mstring[39m[33m,[39m unknown[33m>[39m[33m;[39m
 [90m 21 |[39m[0m



Import trace:
  Server Component:
    ./src/components/payroll/PayrollWorkspace.tsx
    ./src/app/payroll/page.tsx

https://nextjs.org/docs/messages/module-not-found


 ⨯ ./src/components/payroll/PayrollWorkspace.tsx:18:1
Module not found: Can't resolve './CompensationReviewWorkspace'
[0m [90m 16 |[39m [36mimport[39m { cn } [36mfrom[39m [32m'@/lib/utils'[39m[33m;[39m
 [90m 17 |[39m [36mimport[39m { [33mMetricStrip[39m[33m,[39m [33mMoney[39m[33m,[39m [33mPayrollEmpty[39m[33m,[39m [33mPayrollError[39m[33m,[39m [33mPayrollSkeleton[39m[33m,[39m [33mPayrollStatus[39m[33m,[39m [33mSectionHeading[39m } [36mfrom[39m [32m'./PayrollPrimitives'[39m[33m;[39m
[31m[1m>[22m[39m[90m 18 |[39m [36mimport[39m { [33mCompensationReviewWorkspace[39m } [36mfrom[39m [32m'./CompensationReviewWorkspace'[39m[33m;[39m
 [90m    |[39m [31m[1m^[22m[39m[31m[1m^[22m[39m[31m[1m^[22m[39m[31m[1m^[22m[39m[31m[1m^[22m[39m[31m[1m^[22m[39m[31m[1m^[22m[39m[31m[1m^[22m[39m[31m[1m^[22m[39m[31m[1m^[22m[39m[31m[1m^[22m[39m[31m[1m^[22m[39m[31m[1m^[22m[39m[31m[1m^[22m[39m[31m[1m^[22m[39m[31m[1m^[22m[39m[31m[1m^[22m[39m[31m[1m^[22m[39m[31m[1m^[22m[39m[31m[1m^[22m[39m[31m[1m^[22m[39m[31m[1m^[22m[39m[31m[1m^[22m[39m[31m[1m^[22m[39m[31m[1m^[22m[39m[31m[1m^[22m[39m[31m[1m^[22m[39m[31m[1m^[22m[39m[31m[1m^[22m[39m[31m[1m^[22m[39m[31m[1m^[22m[39m[31m[1m^[22m[39m[31m[1m^[22m[39m[31m[1m^[22m[39m[31m[1m^[22m[39m[31m[1m^[22m[39m[31m[1m^[22m[39m[31m[1m^[22m[39m[31m[1m^[22m[39m[31m[1m^[22m[39m[31m[1m^[22m[39m[31m[1m^[22m[39m[31m[1m^[22m[39m[31m[1m^[22m[39m[31m[1m^[22m[39m[31m[1m^[22m[39m[31m[1m^[22m[39m[31m[1m^[22m[39m[31m[1m^[22m[39m[31m[1m^[22m[39m[31m[1m^[22m[39m[31m[1m^[22m[39m[31m[1m^[22m[39m[31m[1m^[22m[39m[31m[1m^[22m[39m[31m[1m^[22m[39m[31m[1m^[22m[39m[31m[1m^[22m[39m[31m[1m^[22m[39m[31m[1m^[22m[39m[31m[1m^[22m[39m[31m[1m^[22m[39m[31m[1m^[22m[39m[31m[1m^[22m[39m[31m[1m^[22m[39m[31m[1m^[22m[39m[31m[1m^[22m[39m[31m[1m^[22m[39m[31m[1m^[22m[39m[31m[1m^[22m[39m[31m[1m^[22m[39m[31m[1m^[22m[39m[31m[1m^[22m[39m[31m[1m^[22m[39m[31m[1m^[22m[39m[31m[1m^[22m[39m
 [90m 19 |[39m
 [90m 20 |[39m type [33mRow[39m [33m=[39m [33mRecord[39m[33m<[39m[33mstring[39m[33m,[39m unknown[33m>[39m[33m;[39m
 [90m 21 |[39m[0m



Import trace:
  Server Component:
    ./src/components/payroll/PayrollWorkspace.tsx
    ./src/app/payroll/page.tsx

https://nextjs.org/docs/messages/module-not-found


 ⨯ ./src/components/payroll/PayrollWorkspace.tsx:18:1
Module not found: Can't resolve './CompensationReviewWorkspace'
[0m [90m 16 |[39m [36mimport[39m { cn } [36mfrom[39m [32m'@/lib/utils'[39m[33m;[39m
 [90m 17 |[39m [36mimport[39m { [33mMetricStrip[39m[33m,[39m [33mMoney[39m[33m,[39m [33mPayrollEmpty[39m[33m,[39m [33mPayrollError[39m[33m,[39m [33mPayrollSkeleton[39m[33m,[39m [33mPayrollStatus[39m[33m,[39m [33mSectionHeading[39m } [36mfrom[39m [32m'./PayrollPrimitives'[39m[33m;[39m
[31m[1m>[22m[39m[90m 18 |[39m [36mimport[39m { [33mCompensationReviewWorkspace[39m } [36mfrom[39m [32m'./CompensationReviewWorkspace'[39m[33m;[39m
 [90m    |[39m [31m[1m^[22m[39m[31m[1m^[22m[39m[31m[1m^[22m[39m[31m[1m^[22m[39m[31m[1m^[22m[39m[31m[1m^[22m[39m[31m[1m^[22m[39m[31m[1m^[22m[39m[31m[1m^[22m[39m[31m[1m^[22m[39m[31m[1m^[22m[39m[31m[1m^[22m[39m[31m[1m^[22m[39m[31m[1m^[22m[39m[31m[1m^[22m[39m[31m[1m^[22m[39m[31m[1m^[22m[39m[31m[1m^[22m[39m[31m[1m^[22m[39m[31m[1m^[22m[39m[31m[1m^[22m[39m[31m[1m^[22m[39m[31m[1m^[22m[39m[31m[1m^[22m[39m[31m[1m^[22m[39m[31m[1m^[22m[39m[31m[1m^[22m[39m[31m[1m^[22m[39m[31m[1m^[22m[39m[31m[1m^[22m[39m[31m[1m^[22m[39m[31m[1m^[22m[39m[31m[1m^[22m[39m[31m[1m^[22m[39m[31m[1m^[22m[39m[31m[1m^[22m[39m[31m[1m^[22m[39m[31m[1m^[22m[39m[31m[1m^[22m[39m[31m[1m^[22m[39m[31m[1m^[22m[39m[31m[1m^[22m[39m[31m[1m^[22m[39m[31m[1m^[22m[39m[31m[1m^[22m[39m[31m[1m^[22m[39m[31m[1m^[22m[39m[31m[1m^[22m[39m[31m[1m^[22m[39m[31m[1m^[22m[39m[31m[1m^[22m[39m[31m[1m^[22m[39m[31m[1m^[22m[39m[31m[1m^[22m[39m[31m[1m^[22m[39m[31m[1m^[22m[39m[31m[1m^[22m[39m[31m[1m^[22m[39m[31m[1m^[22m[39m[31m[1m^[22m[39m[31m[1m^[22m[39m[31m[1m^[22m[39m[31m[1m^[22m[39m[31m[1m^[22m[39m[31m[1m^[22m[39m[31m[1m^[22m[39m[31m[1m^[22m[39m[31m[1m^[22m[39m[31m[1m^[22m[39m[31m[1m^[22m[39m[31m[1m^[22m[39m[31m[1m^[22m[39m[31m[1m^[22m[39m[31m[1m^[22m[39m[31m[1m^[22m[39m[31m[1m^[22m[39m
 [90m 19 |[39m
 [90m 20 |[39m type [33mRow[39m [33m=[39m [33mRecord[39m[33m<[39m[33mstring[39m[33m,[39m unknown[33m>[39m[33m;[39m
 [90m 21 |[39m[0m



Import trace:
  Server Component:
    ./src/components/payroll/PayrollWorkspace.tsx
    ./src/app/payroll/page.tsx

https://nextjs.org/docs/messages/module-not-found


 ⨯ ./src/components/payroll/PayrollWorkspace.tsx:18:1
Module not found: Can't resolve './CompensationReviewWorkspace'
[0m [90m 16 |[39m [36mimport[39m { cn } [36mfrom[39m [32m'@/lib/utils'[39m[33m;[39m
 [90m 17 |[39m [36mimport[39m { [33mMetricStrip[39m[33m,[39m [33mMoney[39m[33m,[39m [33mPayrollEmpty[39m[33m,[39m [33mPayrollError[39m[33m,[39m [33mPayrollSkeleton[39m[33m,[39m [33mPayrollStatus[39m[33m,[39m [33mSectionHeading[39m } [36mfrom[39m [32m'./PayrollPrimitives'[39m[33m;[39m
[31m[1m>[22m[39m[90m 18 |[39m [36mimport[39m { [33mCompensationReviewWorkspace[39m } [36mfrom[39m [32m'./CompensationReviewWorkspace'[39m[33m;[39m
 [90m    |[39m [31m[1m^[22m[39m[31m[1m^[22m[39m[31m[1m^[22m[39m[31m[1m^[22m[39m[31m[1m^[22m[39m[31m[1m^[22m[39m[31m[1m^[22m[39m[31m[1m^[22m[39m[31m[1m^[22m[39m[31m[1m^[22m[39m[31m[1m^[22m[39m[31m[1m^[22m[39m[31m[1m^[22m[39m[31m[1m^[22m[39m[31m[1m^[22m[39m[31m[1m^[22m[39m[31m[1m^[22m[39m[31m[1m^[22m[39m[31m[1m^[22m[39m[31m[1m^[22m[39m[31m[1m^[22m[39m[31m[1m^[22m[39m[31m[1m^[22m[39m[31m[1m^[22m[39m[31m[1m^[22m[39m[31m[1m^[22m[39m[31m[1m^[22m[39m[31m[1m^[22m[39m[31m[1m^[22m[39m[31m[1m^[22m[39m[31m[1m^[22m[39m[31m[1m^[22m[39m[31m[1m^[22m[39m[31m[1m^[22m[39m[31m[1m^[22m[39m[31m[1m^[22m[39m[31m[1m^[22m[39m[31m[1m^[22m[39m[31m[1m^[22m[39m[31m[1m^[22m[39m[31m[1m^[22m[39m[31m[1m^[22m[39m[31m[1m^[22m[39m[31m[1m^[22m[39m[31m[1m^[22m[39m[31m[1m^[22m[39m[31m[1m^[22m[39m[31m[1m^[22m[39m[31m[1m^[22m[39m[31m[1m^[22m[39m[31m[1m^[22m[39m[31m[1m^[22m[39m[31m[1m^[22m[39m[31m[1m^[22m[39m[31m[1m^[22m[39m[31m[1m^[22m[39m[31m[1m^[22m[39m[31m[1m^[22m[39m[31m[1m^[22m[39m[31m[1m^[22m[39m[31m[1m^[22m[39m[31m[1m^[22m[39m[31m[1m^[22m[39m[31m[1m^[22m[39m[31m[1m^[22m[39m[31m[1m^[22m[39m[31m[1m^[22m[39m[31m[1m^[22m[39m[31m[1m^[22m[39m[31m[1m^[22m[39m[31m[1m^[22m[39m[31m[1m^[22m[39m[31m[1m^[22m[39m[31m[1m^[22m[39m[31m[1m^[22m[39m[31m[1m^[22m[39m
 [90m 19 |[39m
 [90m 20 |[39m type [33mRow[39m [33m=[39m [33mRecord[39m[33m<[39m[33mstring[39m[33m,[39m unknown[33m>[39m[33m;[39m
 [90m 21 |[39m[0m



Import trace:
  Server Component:
    ./src/components/payroll/PayrollWorkspace.tsx
    ./src/app/payroll/page.tsx

https://nextjs.org/docs/messages/module-not-found


 ⨯ ./src/components/payroll/PayrollWorkspace.tsx:18:1
Module not found: Can't resolve './CompensationReviewWorkspace'
[0m [90m 16 |[39m [36mimport[39m { cn } [36mfrom[39m [32m'@/lib/utils'[39m[33m;[39m
 [90m 17 |[39m [36mimport[39m { [33mMetricStrip[39m[33m,[39m [33mMoney[39m[33m,[39m [33mPayrollEmpty[39m[33m,[39m [33mPayrollError[39m[33m,[39m [33mPayrollSkeleton[39m[33m,[39m [33mPayrollStatus[39m[33m,[39m [33mSectionHeading[39m } [36mfrom[39m [32m'./PayrollPrimitives'[39m[33m;[39m
[31m[1m>[22m[39m[90m 18 |[39m [36mimport[39m { [33mCompensationReviewWorkspace[39m } [36mfrom[39m [32m'./CompensationReviewWorkspace'[39m[33m;[39m
 [90m    |[39m [31m[1m^[22m[39m[31m[1m^[22m[39m[31m[1m^[22m[39m[31m[1m^[22m[39m[31m[1m^[22m[39m[31m[1m^[22m[39m[31m[1m^[22m[39m[31m[1m^[22m[39m[31m[1m^[22m[39m[31m[1m^[22m[39m[31m[1m^[22m[39m[31m[1m^[22m[39m[31m[1m^[22m[39m[31m[1m^[22m[39m[31m[1m^[22m[39m[31m[1m^[22m[39m[31m[1m^[22m[39m[31m[1m^[22m[39m[31m[1m^[22m[39m[31m[1m^[22m[39m[31m[1m^[22m[39m[31m[1m^[22m[39m[31m[1m^[22m[39m[31m[1m^[22m[39m[31m[1m^[22m[39m[31m[1m^[22m[39m[31m[1m^[22m[39m[31m[1m^[22m[39m[31m[1m^[22m[39m[31m[1m^[22m[39m[31m[1m^[22m[39m[31m[1m^[22m[39m[31m[1m^[22m[39m[31m[1m^[22m[39m[31m[1m^[22m[39m[31m[1m^[22m[39m[31m[1m^[22m[39m[31m[1m^[22m[39m[31m[1m^[22m[39m[31m[1m^[22m[39m[31m[1m^[22m[39m[31m[1m^[22m[39m[31m[1m^[22m[39m[31m[1m^[22m[39m[31m[1m^[22m[39m[31m[1m^[22m[39m[31m[1m^[22m[39m[31m[1m^[22m[39m[31m[1m^[22m[39m[31m[1m^[22m[39m[31m[1m^[22m[39m[31m[1m^[22m[39m[31m[1m^[22m[39m[31m[1m^[22m[39m[31m[1m^[22m[39m[31m[1m^[22m[39m[31m[1m^[22m[39m[31m[1m^[22m[39m[31m[1m^[22m[39m[31m[1m^[22m[39m[31m[1m^[22m[39m[31m[1m^[22m[39m[31m[1m^[22m[39m[31m[1m^[22m[39m[31m[1m^[22m[39m[31m[1m^[22m[39m[31m[1m^[22m[39m[31m[1m^[22m[39m[31m[1m^[22m[39m[31m[1m^[22m[39m[31m[1m^[22m[39m[31m[1m^[22m[39m[31m[1m^[22m[39m[31m[1m^[22m[39m[31m[1m^[22m[39m[31m[1m^[22m[39m
 [90m 19 |[39m
 [90m 20 |[39m type [33mRow[39m [33m=[39m [33mRecord[39m[33m<[39m[33mstring[39m[33m,[39m unknown[33m>[39m[33m;[39m
 [90m 21 |[39m[0m



Import trace:
  Server Component:
    ./src/components/payroll/PayrollWorkspace.tsx
    ./src/app/payroll/page.tsx

https://nextjs.org/docs/messages/module-not-found


 ⨯ ./src/components/payroll/PayrollWorkspace.tsx:18:1
Module not found: Can't resolve './CompensationReviewWorkspace'
[0m [90m 16 |[39m [36mimport[39m { cn } [36mfrom[39m [32m'@/lib/utils'[39m[33m;[39m
 [90m 17 |[39m [36mimport[39m { [33mMetricStrip[39m[33m,[39m [33mMoney[39m[33m,[39m [33mPayrollEmpty[39m[33m,[39m [33mPayrollError[39m[33m,[39m [33mPayrollSkeleton[39m[33m,[39m [33mPayrollStatus[39m[33m,[39m [33mSectionHeading[39m } [36mfrom[39m [32m'./PayrollPrimitives'[39m[33m;[39m
[31m[1m>[22m[39m[90m 18 |[39m [36mimport[39m { [33mCompensationReviewWorkspace[39m } [36mfrom[39m [32m'./CompensationReviewWorkspace'[39m[33m;[39m
 [90m    |[39m [31m[1m^[22m[39m[31m[1m^[22m[39m[31m[1m^[22m[39m[31m[1m^[22m[39m[31m[1m^[22m[39m[31m[1m^[22m[39m[31m[1m^[22m[39m[31m[1m^[22m[39m[31m[1m^[22m[39m[31m[1m^[22m[39m[31m[1m^[22m[39m[31m[1m^[22m[39m[31m[1m^[22m[39m[31m[1m^[22m[39m[31m[1m^[22m[39m[31m[1m^[22m[39m[31m[1m^[22m[39m[31m[1m^[22m[39m[31m[1m^[22m[39m[31m[1m^[22m[39m[31m[1m^[22m[39m[31m[1m^[22m[39m[31m[1m^[22m[39m[31m[1m^[22m[39m[31m[1m^[22m[39m[31m[1m^[22m[39m[31m[1m^[22m[39m[31m[1m^[22m[39m[31m[1m^[22m[39m[31m[1m^[22m[39m[31m[1m^[22m[39m[31m[1m^[22m[39m[31m[1m^[22m[39m[31m[1m^[22m[39m[31m[1m^[22m[39m[31m[1m^[22m[39m[31m[1m^[22m[39m[31m[1m^[22m[39m[31m[1m^[22m[39m[31m[1m^[22m[39m[31m[1m^[22m[39m[31m[1m^[22m[39m[31m[1m^[22m[39m[31m[1m^[22m[39m[31m[1m^[22m[39m[31m[1m^[22m[39m[31m[1m^[22m[39m[31m[1m^[22m[39m[31m[1m^[22m[39m[31m[1m^[22m[39m[31m[1m^[22m[39m[31m[1m^[22m[39m[31m[1m^[22m[39m[31m[1m^[22m[39m[31m[1m^[22m[39m[31m[1m^[22m[39m[31m[1m^[22m[39m[31m[1m^[22m[39m[31m[1m^[22m[39m[31m[1m^[22m[39m[31m[1m^[22m[39m[31m[1m^[22m[39m[31m[1m^[22m[39m[31m[1m^[22m[39m[31m[1m^[22m[39m[31m[1m^[22m[39m[31m[1m^[22m[39m[31m[1m^[22m[39m[31m[1m^[22m[39m[31m[1m^[22m[39m[31m[1m^[22m[39m[31m[1m^[22m[39m[31m[1m^[22m[39m[31m[1m^[22m[39m[31m[1m^[22m[39m[31m[1m^[22m[39m
 [90m 19 |[39m
 [90m 20 |[39m type [33mRow[39m [33m=[39m [33mRecord[39m[33m<[39m[33mstring[39m[33m,[39m unknown[33m>[39m[33m;[39m
 [90m 21 |[39m[0m



Import trace:
  Server Component:
    ./src/components/payroll/PayrollWorkspace.tsx
    ./src/app/payroll/page.tsx

https://nextjs.org/docs/messages/module-not-found


 ⨯ ./src/components/payroll/PayrollWorkspace.tsx:18:1
Module not found: Can't resolve './CompensationReviewWorkspace'
[0m [90m 16 |[39m [36mimport[39m { cn } [36mfrom[39m [32m'@/lib/utils'[39m[33m;[39m
 [90m 17 |[39m [36mimport[39m { [33mMetricStrip[39m[33m,[39m [33mMoney[39m[33m,[39m [33mPayrollEmpty[39m[33m,[39m [33mPayrollError[39m[33m,[39m [33mPayrollSkeleton[39m[33m,[39m [33mPayrollStatus[39m[33m,[39m [33mSectionHeading[39m } [36mfrom[39m [32m'./PayrollPrimitives'[39m[33m;[39m
[31m[1m>[22m[39m[90m 18 |[39m [36mimport[39m { [33mCompensationReviewWorkspace[39m } [36mfrom[39m [32m'./CompensationReviewWorkspace'[39m[33m;[39m
 [90m    |[39m [31m[1m^[22m[39m[31m[1m^[22m[39m[31m[1m^[22m[39m[31m[1m^[22m[39m[31m[1m^[22m[39m[31m[1m^[22m[39m[31m[1m^[22m[39m[31m[1m^[22m[39m[31m[1m^[22m[39m[31m[1m^[22m[39m[31m[1m^[22m[39m[31m[1m^[22m[39m[31m[1m^[22m[39m[31m[1m^[22m[39m[31m[1m^[22m[39m[31m[1m^[22m[39m[31m[1m^[22m[39m[31m[1m^[22m[39m[31m[1m^[22m[39m[31m[1m^[22m[39m[31m[1m^[22m[39m[31m[1m^[22m[39m[31m[1m^[22m[39m[31m[1m^[22m[39m[31m[1m^[22m[39m[31m[1m^[22m[39m[31m[1m^[22m[39m[31m[1m^[22m[39m[31m[1m^[22m[39m[31m[1m^[22m[39m[31m[1m^[22m[39m[31m[1m^[22m[39m[31m[1m^[22m[39m[31m[1m^[22m[39m[31m[1m^[22m[39m[31m[1m^[22m[39m[31m[1m^[22m[39m[31m[1m^[22m[39m[31m[1m^[22m[39m[31m[1m^[22m[39m[31m[1m^[22m[39m[31m[1m^[22m[39m[31m[1m^[22m[39m[31m[1m^[22m[39m[31m[1m^[22m[39m[31m[1m^[22m[39m[31m[1m^[22m[39m[31m[1m^[22m[39m[31m[1m^[22m[39m[31m[1m^[22m[39m[31m[1m^[22m[39m[31m[1m^[22m[39m[31m[1m^[22m[39m[31m[1m^[22m[39m[31m[1m^[22m[39m[31m[1m^[22m[39m[31m[1m^[22m[39m[31m[1m^[22m[39m[31m[1m^[22m[39m[31m[1m^[22m[39m[31m[1m^[22m[39m[31m[1m^[22m[39m[31m[1m^[22m[39m[31m[1m^[22m[39m[31m[1m^[22m[39m[31m[1m^[22m[39m[31m[1m^[22m[39m[31m[1m^[22m[39m[31m[1m^[22m[39m[31m[1m^[22m[39m[31m[1m^[22m[39m[31m[1m^[22m[39m[31m[1m^[22m[39m[31m[1m^[22m[39m[31m[1m^[22m[39m[31m[1m^[22m[39m
 [90m 19 |[39m
 [90m 20 |[39m type [33mRow[39m [33m=[39m [33mRecord[39m[33m<[39m[33mstring[39m[33m,[39m unknown[33m>[39m[33m;[39m
 [90m 21 |[39m[0m



Import trace:
  Server Component:
    ./src/components/payroll/PayrollWorkspace.tsx
    ./src/app/payroll/page.tsx

https://nextjs.org/docs/messages/module-not-found


 ⨯ ./src/components/payroll/PayrollWorkspace.tsx:18:1
Module not found: Can't resolve './CompensationReviewWorkspace'
[0m [90m 16 |[39m [36mimport[39m { cn } [36mfrom[39m [32m'@/lib/utils'[39m[33m;[39m
 [90m 17 |[39m [36mimport[39m { [33mMetricStrip[39m[33m,[39m [33mMoney[39m[33m,[39m [33mPayrollEmpty[39m[33m,[39m [33mPayrollError[39m[33m,[39m [33mPayrollSkeleton[39m[33m,[39m [33mPayrollStatus[39m[33m,[39m [33mSectionHeading[39m } [36mfrom[39m [32m'./PayrollPrimitives'[39m[33m;[39m
[31m[1m>[22m[39m[90m 18 |[39m [36mimport[39m { [33mCompensationReviewWorkspace[39m } [36mfrom[39m [32m'./CompensationReviewWorkspace'[39m[33m;[39m
 [90m    |[39m [31m[1m^[22m[39m[31m[1m^[22m[39m[31m[1m^[22m[39m[31m[1m^[22m[39m[31m[1m^[22m[39m[31m[1m^[22m[39m[31m[1m^[22m[39m[31m[1m^[22m[39m[31m[1m^[22m[39m[31m[1m^[22m[39m[31m[1m^[22m[39m[31m[1m^[22m[39m[31m[1m^[22m[39m[31m[1m^[22m[39m[31m[1m^[22m[39m[31m[1m^[22m[39m[31m[1m^[22m[39m[31m[1m^[22m[39m[31m[1m^[22m[39m[31m[1m^[22m[39m[31m[1m^[22m[39m[31m[1m^[22m[39m[31m[1m^[22m[39m[31m[1m^[22m[39m[31m[1m^[22m[39m[31m[1m^[22m[39m[31m[1m^[22m[39m[31m[1m^[22m[39m[31m[1m^[22m[39m[31m[1m^[22m[39m[31m[1m^[22m[39m[31m[1m^[22m[39m[31m[1m^[22m[39m[31m[1m^[22m[39m[31m[1m^[22m[39m[31m[1m^[22m[39m[31m[1m^[22m[39m[31m[1m^[22m[39m[31m[1m^[22m[39m[31m[1m^[22m[39m[31m[1m^[22m[39m[31m[1m^[22m[39m[31m[1m^[22m[39m[31m[1m^[22m[39m[31m[1m^[22m[39m[31m[1m^[22m[39m[31m[1m^[22m[39m[31m[1m^[22m[39m[31m[1m^[22m[39m[31m[1m^[22m[39m[31m[1m^[22m[39m[31m[1m^[22m[39m[31m[1m^[22m[39m[31m[1m^[22m[39m[31m[1m^[22m[39m[31m[1m^[22m[39m[31m[1m^[22m[39m[31m[1m^[22m[39m[31m[1m^[22m[39m[31m[1m^[22m[39m[31m[1m^[22m[39m[31m[1m^[22m[39m[31m[1m^[22m[39m[31m[1m^[22m[39m[31m[1m^[22m[39m[31m[1m^[22m[39m[31m[1m^[22m[39m[31m[1m^[22m[39m[31m[1m^[22m[39m[31m[1m^[22m[39m[31m[1m^[22m[39m[31m[1m^[22m[39m[31m[1m^[22m[39m[31m[1m^[22m[39m[31m[1m^[22m[39m[31m[1m^[22m[39m
 [90m 19 |[39m
 [90m 20 |[39m type [33mRow[39m [33m=[39m [33mRecord[39m[33m<[39m[33mstring[39m[33m,[39m unknown[33m>[39m[33m;[39m
 [90m 21 |[39m[0m



Import trace:
  Server Component:
    ./src/components/payroll/PayrollWorkspace.tsx
    ./src/app/payroll/page.tsx

https://nextjs.org/docs/messages/module-not-found


 ⨯ ./src/components/payroll/PayrollWorkspace.tsx:18:1
Module not found: Can't resolve './CompensationReviewWorkspace'
[0m [90m 16 |[39m [36mimport[39m { cn } [36mfrom[39m [32m'@/lib/utils'[39m[33m;[39m
 [90m 17 |[39m [36mimport[39m { [33mMetricStrip[39m[33m,[39m [33mMoney[39m[33m,[39m [33mPayrollEmpty[39m[33m,[39m [33mPayrollError[39m[33m,[39m [33mPayrollSkeleton[39m[33m,[39m [33mPayrollStatus[39m[33m,[39m [33mSectionHeading[39m } [36mfrom[39m [32m'./PayrollPrimitives'[39m[33m;[39m
[31m[1m>[22m[39m[90m 18 |[39m [36mimport[39m { [33mCompensationReviewWorkspace[39m } [36mfrom[39m [32m'./CompensationReviewWorkspace'[39m[33m;[39m
 [90m    |[39m [31m[1m^[22m[39m[31m[1m^[22m[39m[31m[1m^[22m[39m[31m[1m^[22m[39m[31m[1m^[22m[39m[31m[1m^[22m[39m[31m[1m^[22m[39m[31m[1m^[22m[39m[31m[1m^[22m[39m[31m[1m^[22m[39m[31m[1m^[22m[39m[31m[1m^[22m[39m[31m[1m^[22m[39m[31m[1m^[22m[39m[31m[1m^[22m[39m[31m[1m^[22m[39m[31m[1m^[22m[39m[31m[1m^[22m[39m[31m[1m^[22m[39m[31m[1m^[22m[39m[31m[1m^[22m[39m[31m[1m^[22m[39m[31m[1m^[22m[39m[31m[1m^[22m[39m[31m[1m^[22m[39m[31m[1m^[22m[39m[31m[1m^[22m[39m[31m[1m^[22m[39m[31m[1m^[22m[39m[31m[1m^[22m[39m[31m[1m^[22m[39m[31m[1m^[22m[39m[31m[1m^[22m[39m[31m[1m^[22m[39m[31m[1m^[22m[39m[31m[1m^[22m[39m[31m[1m^[22m[39m[31m[1m^[22m[39m[31m[1m^[22m[39m[31m[1m^[22m[39m[31m[1m^[22m[39m[31m[1m^[22m[39m[31m[1m^[22m[39m[31m[1m^[22m[39m[31m[1m^[22m[39m[31m[1m^[22m[39m[31m[1m^[22m[39m[31m[1m^[22m[39m[31m[1m^[22m[39m[31m[1m^[22m[39m[31m[1m^[22m[39m[31m[1m^[22m[39m[31m[1m^[22m[39m[31m[1m^[22m[39m[31m[1m^[22m[39m[31m[1m^[22m[39m[31m[1m^[22m[39m[31m[1m^[22m[39m[31m[1m^[22m[39m[31m[1m^[22m[39m[31m[1m^[22m[39m[31m[1m^[22m[39m[31m[1m^[22m[39m[31m[1m^[22m[39m[31m[1m^[22m[39m[31m[1m^[22m[39m[31m[1m^[22m[39m[31m[1m^[22m[39m[31m[1m^[22m[39m[31m[1m^[22m[39m[31m[1m^[22m[39m[31m[1m^[22m[39m[31m[1m^[22m[39m[31m[1m^[22m[39m[31m[1m^[22m[39m[31m[1m^[22m[39m
 [90m 19 |[39m
 [90m 20 |[39m type [33mRow[39m [33m=[39m [33mRecord[39m[33m<[39m[33mstring[39m[33m,[39m unknown[33m>[39m[33m;[39m
 [90m 21 |[39m[0m



Import trace:
  Server Component:
    ./src/components/payroll/PayrollWorkspace.tsx
    ./src/app/payroll/page.tsx

https://nextjs.org/docs/messages/module-not-found


 ⨯ ./src/components/payroll/PayrollWorkspace.tsx:18:1
Module not found: Can't resolve './CompensationReviewWorkspace'
[0m [90m 16 |[39m [36mimport[39m { cn } [36mfrom[39m [32m'@/lib/utils'[39m[33m;[39m
 [90m 17 |[39m [36mimport[39m { [33mMetricStrip[39m[33m,[39m [33mMoney[39m[33m,[39m [33mPayrollEmpty[39m[33m,[39m [33mPayrollError[39m[33m,[39m [33mPayrollSkeleton[39m[33m,[39m [33mPayrollStatus[39m[33m,[39m [33mSectionHeading[39m } [36mfrom[39m [32m'./PayrollPrimitives'[39m[33m;[39m
[31m[1m>[22m[39m[90m 18 |[39m [36mimport[39m { [33mCompensationReviewWorkspace[39m } [36mfrom[39m [32m'./CompensationReviewWorkspace'[39m[33m;[39m
 [90m    |[39m [31m[1m^[22m[39m[31m[1m^[22m[39m[31m[1m^[22m[39m[31m[1m^[22m[39m[31m[1m^[22m[39m[31m[1m^[22m[39m[31m[1m^[22m[39m[31m[1m^[22m[39m[31m[1m^[22m[39m[31m[1m^[22m[39m[31m[1m^[22m[39m[31m[1m^[22m[39m[31m[1m^[22m[39m[31m[1m^[22m[39m[31m[1m^[22m[39m[31m[1m^[22m[39m[31m[1m^[22m[39m[31m[1m^[22m[39m[31m[1m^[22m[39m[31m[1m^[22m[39m[31m[1m^[22m[39m[31m[1m^[22m[39m[31m[1m^[22m[39m[31m[1m^[22m[39m[31m[1m^[22m[39m[31m[1m^[22m[39m[31m[1m^[22m[39m[31m[1m^[22m[39m[31m[1m^[22m[39m[31m[1m^[22m[39m[31m[1m^[22m[39m[31m[1m^[22m[39m[31m[1m^[22m[39m[31m[1m^[22m[39m[31m[1m^[22m[39m[31m[1m^[22m[39m[31m[1m^[22m[39m[31m[1m^[22m[39m[31m[1m^[22m[39m[31m[1m^[22m[39m[31m[1m^[22m[39m[31m[1m^[22m[39m[31m[1m^[22m[39m[31m[1m^[22m[39m[31m[1m^[22m[39m[31m[1m^[22m[39m[31m[1m^[22m[39m[31m[1m^[22m[39m[31m[1m^[22m[39m[31m[1m^[22m[39m[31m[1m^[22m[39m[31m[1m^[22m[39m[31m[1m^[22m[39m[31m[1m^[22m[39m[31m[1m^[22m[39m[31m[1m^[22m[39m[31m[1m^[22m[39m[31m[1m^[22m[39m[31m[1m^[22m[39m[31m[1m^[22m[39m[31m[1m^[22m[39m[31m[1m^[22m[39m[31m[1m^[22m[39m[31m[1m^[22m[39m[31m[1m^[22m[39m[31m[1m^[22m[39m[31m[1m^[22m[39m[31m[1m^[22m[39m[31m[1m^[22m[39m[31m[1m^[22m[39m[31m[1m^[22m[39m[31m[1m^[22m[39m[31m[1m^[22m[39m[31m[1m^[22m[39m[31m[1m^[22m[39m[31m[1m^[22m[39m
 [90m 19 |[39m
 [90m 20 |[39m type [33mRow[39m [33m=[39m [33mRecord[39m[33m<[39m[33mstring[39m[33m,[39m unknown[33m>[39m[33m;[39m
 [90m 21 |[39m[0m



Import trace:
  Server Component:
    ./src/components/payroll/PayrollWorkspace.tsx
    ./src/app/payroll/page.tsx

https://nextjs.org/docs/messages/module-not-found


 ⨯ ./src/components/payroll/PayrollWorkspace.tsx:18:1
Module not found: Can't resolve './CompensationReviewWorkspace'
[0m [90m 16 |[39m [36mimport[39m { cn } [36mfrom[39m [32m'@/lib/utils'[39m[33m;[39m
 [90m 17 |[39m [36mimport[39m { [33mMetricStrip[39m[33m,[39m [33mMoney[39m[33m,[39m [33mPayrollEmpty[39m[33m,[39m [33mPayrollError[39m[33m,[39m [33mPayrollSkeleton[39m[33m,[39m [33mPayrollStatus[39m[33m,[39m [33mSectionHeading[39m } [36mfrom[39m [32m'./PayrollPrimitives'[39m[33m;[39m
[31m[1m>[22m[39m[90m 18 |[39m [36mimport[39m { [33mCompensationReviewWorkspace[39m } [36mfrom[39m [32m'./CompensationReviewWorkspace'[39m[33m;[39m
 [90m    |[39m [31m[1m^[22m[39m[31m[1m^[22m[39m[31m[1m^[22m[39m[31m[1m^[22m[39m[31m[1m^[22m[39m[31m[1m^[22m[39m[31m[1m^[22m[39m[31m[1m^[22m[39m[31m[1m^[22m[39m[31m[1m^[22m[39m[31m[1m^[22m[39m[31m[1m^[22m[39m[31m[1m^[22m[39m[31m[1m^[22m[39m[31m[1m^[22m[39m[31m[1m^[22m[39m[31m[1m^[22m[39m[31m[1m^[22m[39m[31m[1m^[22m[39m[31m[1m^[22m[39m[31m[1m^[22m[39m[31m[1m^[22m[39m[31m[1m^[22m[39m[31m[1m^[22m[39m[31m[1m^[22m[39m[31m[1m^[22m[39m[31m[1m^[22m[39m[31m[1m^[22m[39m[31m[1m^[22m[39m[31m[1m^[22m[39m[31m[1m^[22m[39m[31m[1m^[22m[39m[31m[1m^[22m[39m[31m[1m^[22m[39m[31m[1m^[22m[39m[31m[1m^[22m[39m[31m[1m^[22m[39m[31m[1m^[22m[39m[31m[1m^[22m[39m[31m[1m^[22m[39m[31m[1m^[22m[39m[31m[1m^[22m[39m[31m[1m^[22m[39m[31m[1m^[22m[39m[31m[1m^[22m[39m[31m[1m^[22m[39m[31m[1m^[22m[39m[31m[1m^[22m[39m[31m[1m^[22m[39m[31m[1m^[22m[39m[31m[1m^[22m[39m[31m[1m^[22m[39m[31m[1m^[22m[39m[31m[1m^[22m[39m[31m[1m^[22m[39m[31m[1m^[22m[39m[31m[1m^[22m[39m[31m[1m^[22m[39m[31m[1m^[22m[39m[31m[1m^[22m[39m[31m[1m^[22m[39m[31m[1m^[22m[39m[31m[1m^[22m[39m[31m[1m^[22m[39m[31m[1m^[22m[39m[31m[1m^[22m[39m[31m[1m^[22m[39m[31m[1m^[22m[39m[31m[1m^[22m[39m[31m[1m^[22m[39m[31m[1m^[22m[39m[31m[1m^[22m[39m[31m[1m^[22m[39m[31m[1m^[22m[39m[31m[1m^[22m[39m[31m[1m^[22m[39m
 [90m 19 |[39m
 [90m 20 |[39m type [33mRow[39m [33m=[39m [33mRecord[39m[33m<[39m[33mstring[39m[33m,[39m unknown[33m>[39m[33m;[39m
 [90m 21 |[39m[0m



Import trace:
  Server Component:
    ./src/components/payroll/PayrollWorkspace.tsx
    ./src/app/payroll/page.tsx

https://nextjs.org/docs/messages/module-not-found


 ⨯ ./src/components/payroll/PayrollWorkspace.tsx:18:1
Module not found: Can't resolve './CompensationReviewWorkspace'
[0m [90m 16 |[39m [36mimport[39m { cn } [36mfrom[39m [32m'@/lib/utils'[39m[33m;[39m
 [90m 17 |[39m [36mimport[39m { [33mMetricStrip[39m[33m,[39m [33mMoney[39m[33m,[39m [33mPayrollEmpty[39m[33m,[39m [33mPayrollError[39m[33m,[39m [33mPayrollSkeleton[39m[33m,[39m [33mPayrollStatus[39m[33m,[39m [33mSectionHeading[39m } [36mfrom[39m [32m'./PayrollPrimitives'[39m[33m;[39m
[31m[1m>[22m[39m[90m 18 |[39m [36mimport[39m { [33mCompensationReviewWorkspace[39m } [36mfrom[39m [32m'./CompensationReviewWorkspace'[39m[33m;[39m
 [90m    |[39m [31m[1m^[22m[39m[31m[1m^[22m[39m[31m[1m^[22m[39m[31m[1m^[22m[39m[31m[1m^[22m[39m[31m[1m^[22m[39m[31m[1m^[22m[39m[31m[1m^[22m[39m[31m[1m^[22m[39m[31m[1m^[22m[39m[31m[1m^[22m[39m[31m[1m^[22m[39m[31m[1m^[22m[39m[31m[1m^[22m[39m[31m[1m^[22m[39m[31m[1m^[22m[39m[31m[1m^[22m[39m[31m[1m^[22m[39m[31m[1m^[22m[39m[31m[1m^[22m[39m[31m[1m^[22m[39m[31m[1m^[22m[39m[31m[1m^[22m[39m[31m[1m^[22m[39m[31m[1m^[22m[39m[31m[1m^[22m[39m[31m[1m^[22m[39m[31m[1m^[22m[39m[31m[1m^[22m[39m[31m[1m^[22m[39m[31m[1m^[22m[39m[31m[1m^[22m[39m[31m[1m^[22m[39m[31m[1m^[22m[39m[31m[1m^[22m[39m[31m[1m^[22m[39m[31m[1m^[22m[39m[31m[1m^[22m[39m[31m[1m^[22m[39m[31m[1m^[22m[39m[31m[1m^[22m[39m[31m[1m^[22m[39m[31m[1m^[22m[39m[31m[1m^[22m[39m[31m[1m^[22m[39m[31m[1m^[22m[39m[31m[1m^[22m[39m[31m[1m^[22m[39m[31m[1m^[22m[39m[31m[1m^[22m[39m[31m[1m^[22m[39m[31m[1m^[22m[39m[31m[1m^[22m[39m[31m[1m^[22m[39m[31m[1m^[22m[39m[31m[1m^[22m[39m[31m[1m^[22m[39m[31m[1m^[22m[39m[31m[1m^[22m[39m[31m[1m^[22m[39m[31m[1m^[22m[39m[31m[1m^[22m[39m[31m[1m^[22m[39m[31m[1m^[22m[39m[31m[1m^[22m[39m[31m[1m^[22m[39m[31m[1m^[22m[39m[31m[1m^[22m[39m[31m[1m^[22m[39m[31m[1m^[22m[39m[31m[1m^[22m[39m[31m[1m^[22m[39m[31m[1m^[22m[39m[31m[1m^[22m[39m[31m[1m^[22m[39m[31m[1m^[22m[39m
 [90m 19 |[39m
 [90m 20 |[39m type [33mRow[39m [33m=[39m [33mRecord[39m[33m<[39m[33mstring[39m[33m,[39m unknown[33m>[39m[33m;[39m
 [90m 21 |[39m[0m



Import trace:
  Server Component:
    ./src/components/payroll/PayrollWorkspace.tsx
    ./src/app/payroll/page.tsx

https://nextjs.org/docs/messages/module-not-found


 ⨯ ./src/components/payroll/PayrollWorkspace.tsx:18:1
Module not found: Can't resolve './CompensationReviewWorkspace'
[0m [90m 16 |[39m [36mimport[39m { cn } [36mfrom[39m [32m'@/lib/utils'[39m[33m;[39m
 [90m 17 |[39m [36mimport[39m { [33mMetricStrip[39m[33m,[39m [33mMoney[39m[33m,[39m [33mPayrollEmpty[39m[33m,[39m [33mPayrollError[39m[33m,[39m [33mPayrollSkeleton[39m[33m,[39m [33mPayrollStatus[39m[33m,[39m [33mSectionHeading[39m } [36mfrom[39m [32m'./PayrollPrimitives'[39m[33m;[39m
[31m[1m>[22m[39m[90m 18 |[39m [36mimport[39m { [33mCompensationReviewWorkspace[39m } [36mfrom[39m [32m'./CompensationReviewWorkspace'[39m[33m;[39m
 [90m    |[39m [31m[1m^[22m[39m[31m[1m^[22m[39m[31m[1m^[22m[39m[31m[1m^[22m[39m[31m[1m^[22m[39m[31m[1m^[22m[39m[31m[1m^[22m[39m[31m[1m^[22m[39m[31m[1m^[22m[39m[31m[1m^[22m[39m[31m[1m^[22m[39m[31m[1m^[22m[39m[31m[1m^[22m[39m[31m[1m^[22m[39m[31m[1m^[22m[39m[31m[1m^[22m[39m[31m[1m^[22m[39m[31m[1m^[22m[39m[31m[1m^[22m[39m[31m[1m^[22m[39m[31m[1m^[22m[39m[31m[1m^[22m[39m[31m[1m^[22m[39m[31m[1m^[22m[39m[31m[1m^[22m[39m[31m[1m^[22m[39m[31m[1m^[22m[39m[31m[1m^[22m[39m[31m[1m^[22m[39m[31m[1m^[22m[39m[31m[1m^[22m[39m[31m[1m^[22m[39m[31m[1m^[22m[39m[31m[1m^[22m[39m[31m[1m^[22m[39m[31m[1m^[22m[39m[31m[1m^[22m[39m[31m[1m^[22m[39m[31m[1m^[22m[39m[31m[1m^[22m[39m[31m[1m^[22m[39m[31m[1m^[22m[39m[31m[1m^[22m[39m[31m[1m^[22m[39m[31m[1m^[22m[39m[31m[1m^[22m[39m[31m[1m^[22m[39m[31m[1m^[22m[39m[31m[1m^[22m[39m[31m[1m^[22m[39m[31m[1m^[22m[39m[31m[1m^[22m[39m[31m[1m^[22m[39m[31m[1m^[22m[39m[31m[1m^[22m[39m[31m[1m^[22m[39m[31m[1m^[22m[39m[31m[1m^[22m[39m[31m[1m^[22m[39m[31m[1m^[22m[39m[31m[1m^[22m[39m[31m[1m^[22m[39m[31m[1m^[22m[39m[31m[1m^[22m[39m[31m[1m^[22m[39m[31m[1m^[22m[39m[31m[1m^[22m[39m[31m[1m^[22m[39m[31m[1m^[22m[39m[31m[1m^[22m[39m[31m[1m^[22m[39m[31m[1m^[22m[39m[31m[1m^[22m[39m[31m[1m^[22m[39m[31m[1m^[22m[39m[31m[1m^[22m[39m
 [90m 19 |[39m
 [90m 20 |[39m type [33mRow[39m [33m=[39m [33mRecord[39m[33m<[39m[33mstring[39m[33m,[39m unknown[33m>[39m[33m;[39m
 [90m 21 |[39m[0m



Import trace:
  Server Component:
    ./src/components/payroll/PayrollWorkspace.tsx
    ./src/app/payroll/page.tsx

https://nextjs.org/docs/messages/module-not-found


 ⨯ ./src/components/payroll/PayrollWorkspace.tsx:18:1
Module not found: Can't resolve './CompensationReviewWorkspace'
[0m [90m 16 |[39m [36mimport[39m { cn } [36mfrom[39m [32m'@/lib/utils'[39m[33m;[39m
 [90m 17 |[39m [36mimport[39m { [33mMetricStrip[39m[33m,[39m [33mMoney[39m[33m,[39m [33mPayrollEmpty[39m[33m,[39m [33mPayrollError[39m[33m,[39m [33mPayrollSkeleton[39m[33m,[39m [33mPayrollStatus[39m[33m,[39m [33mSectionHeading[39m } [36mfrom[39m [32m'./PayrollPrimitives'[39m[33m;[39m
[31m[1m>[22m[39m[90m 18 |[39m [36mimport[39m { [33mCompensationReviewWorkspace[39m } [36mfrom[39m [32m'./CompensationReviewWorkspace'[39m[33m;[39m
 [90m    |[39m [31m[1m^[22m[39m[31m[1m^[22m[39m[31m[1m^[22m[39m[31m[1m^[22m[39m[31m[1m^[22m[39m[31m[1m^[22m[39m[31m[1m^[22m[39m[31m[1m^[22m[39m[31m[1m^[22m[39m[31m[1m^[22m[39m[31m[1m^[22m[39m[31m[1m^[22m[39m[31m[1m^[22m[39m[31m[1m^[22m[39m[31m[1m^[22m[39m[31m[1m^[22m[39m[31m[1m^[22m[39m[31m[1m^[22m[39m[31m[1m^[22m[39m[31m[1m^[22m[39m[31m[1m^[22m[39m[31m[1m^[22m[39m[31m[1m^[22m[39m[31m[1m^[22m[39m[31m[1m^[22m[39m[31m[1m^[22m[39m[31m[1m^[22m[39m[31m[1m^[22m[39m[31m[1m^[22m[39m[31m[1m^[22m[39m[31m[1m^[22m[39m[31m[1m^[22m[39m[31m[1m^[22m[39m[31m[1m^[22m[39m[31m[1m^[22m[39m[31m[1m^[22m[39m[31m[1m^[22m[39m[31m[1m^[22m[39m[31m[1m^[22m[39m[31m[1m^[22m[39m[31m[1m^[22m[39m[31m[1m^[22m[39m[31m[1m^[22m[39m[31m[1m^[22m[39m[31m[1m^[22m[39m[31m[1m^[22m[39m[31m[1m^[22m[39m[31m[1m^[22m[39m[31m[1m^[22m[39m[31m[1m^[22m[39m[31m[1m^[22m[39m[31m[1m^[22m[39m[31m[1m^[22m[39m[31m[1m^[22m[39m[31m[1m^[22m[39m[31m[1m^[22m[39m[31m[1m^[22m[39m[31m[1m^[22m[39m[31m[1m^[22m[39m[31m[1m^[22m[39m[31m[1m^[22m[39m[31m[1m^[22m[39m[31m[1m^[22m[39m[31m[1m^[22m[39m[31m[1m^[22m[39m[31m[1m^[22m[39m[31m[1m^[22m[39m[31m[1m^[22m[39m[31m[1m^[22m[39m[31m[1m^[22m[39m[31m[1m^[22m[39m[31m[1m^[22m[39m[31m[1m^[22m[39m[31m[1m^[22m[39m[31m[1m^[22m[39m[31m[1m^[22m[39m
 [90m 19 |[39m
 [90m 20 |[39m type [33mRow[39m [33m=[39m [33mRecord[39m[33m<[39m[33mstring[39m[33m,[39m unknown[33m>[39m[33m;[39m
 [90m 21 |[39m[0m



Import trace:
  Server Component:
    ./src/components/payroll/PayrollWorkspace.tsx
    ./src/app/payroll/page.tsx

https://nextjs.org/docs/messages/module-not-found


 ⨯ ./src/components/payroll/PayrollWorkspace.tsx:18:1
Module not found: Can't resolve './CompensationReviewWorkspace'
[0m [90m 16 |[39m [36mimport[39m { cn } [36mfrom[39m [32m'@/lib/utils'[39m[33m;[39m
 [90m 17 |[39m [36mimport[39m { [33mMetricStrip[39m[33m,[39m [33mMoney[39m[33m,[39m [33mPayrollEmpty[39m[33m,[39m [33mPayrollError[39m[33m,[39m [33mPayrollSkeleton[39m[33m,[39m [33mPayrollStatus[39m[33m,[39m [33mSectionHeading[39m } [36mfrom[39m [32m'./PayrollPrimitives'[39m[33m;[39m
[31m[1m>[22m[39m[90m 18 |[39m [36mimport[39m { [33mCompensationReviewWorkspace[39m } [36mfrom[39m [32m'./CompensationReviewWorkspace'[39m[33m;[39m
 [90m    |[39m [31m[1m^[22m[39m[31m[1m^[22m[39m[31m[1m^[22m[39m[31m[1m^[22m[39m[31m[1m^[22m[39m[31m[1m^[22m[39m[31m[1m^[22m[39m[31m[1m^[22m[39m[31m[1m^[22m[39m[31m[1m^[22m[39m[31m[1m^[22m[39m[31m[1m^[22m[39m[31m[1m^[22m[39m[31m[1m^[22m[39m[31m[1m^[22m[39m[31m[1m^[22m[39m[31m[1m^[22m[39m[31m[1m^[22m[39m[31m[1m^[22m[39m[31m[1m^[22m[39m[31m[1m^[22m[39m[31m[1m^[22m[39m[31m[1m^[22m[39m[31m[1m^[22m[39m[31m[1m^[22m[39m[31m[1m^[22m[39m[31m[1m^[22m[39m[31m[1m^[22m[39m[31m[1m^[22m[39m[31m[1m^[22m[39m[31m[1m^[22m[39m[31m[1m^[22m[39m[31m[1m^[22m[39m[31m[1m^[22m[39m[31m[1m^[22m[39m[31m[1m^[22m[39m[31m[1m^[22m[39m[31m[1m^[22m[39m[31m[1m^[22m[39m[31m[1m^[22m[39m[31m[1m^[22m[39m[31m[1m^[22m[39m[31m[1m^[22m[39m[31m[1m^[22m[39m[31m[1m^[22m[39m[31m[1m^[22m[39m[31m[1m^[22m[39m[31m[1m^[22m[39m[31m[1m^[22m[39m[31m[1m^[22m[39m[31m[1m^[22m[39m[31m[1m^[22m[39m[31m[1m^[22m[39m[31m[1m^[22m[39m[31m[1m^[22m[39m[31m[1m^[22m[39m[31m[1m^[22m[39m[31m[1m^[22m[39m[31m[1m^[22m[39m[31m[1m^[22m[39m[31m[1m^[22m[39m[31m[1m^[22m[39m[31m[1m^[22m[39m[31m[1m^[22m[39m[31m[1m^[22m[39m[31m[1m^[22m[39m[31m[1m^[22m[39m[31m[1m^[22m[39m[31m[1m^[22m[39m[31m[1m^[22m[39m[31m[1m^[22m[39m[31m[1m^[22m[39m[31m[1m^[22m[39m[31m[1m^[22m[39m[31m[1m^[22m[39m[31m[1m^[22m[39m
 [90m 19 |[39m
 [90m 20 |[39m type [33mRow[39m [33m=[39m [33mRecord[39m[33m<[39m[33mstring[39m[33m,[39m unknown[33m>[39m[33m;[39m
 [90m 21 |[39m[0m



Import trace:
  Server Component:
    ./src/components/payroll/PayrollWorkspace.tsx
    ./src/app/payroll/page.tsx

https://nextjs.org/docs/messages/module-not-found


 ⨯ ./src/components/payroll/PayrollWorkspace.tsx:18:1
Module not found: Can't resolve './CompensationReviewWorkspace'
[0m [90m 16 |[39m [36mimport[39m { cn } [36mfrom[39m [32m'@/lib/utils'[39m[33m;[39m
 [90m 17 |[39m [36mimport[39m { [33mMetricStrip[39m[33m,[39m [33mMoney[39m[33m,[39m [33mPayrollEmpty[39m[33m,[39m [33mPayrollError[39m[33m,[39m [33mPayrollSkeleton[39m[33m,[39m [33mPayrollStatus[39m[33m,[39m [33mSectionHeading[39m } [36mfrom[39m [32m'./PayrollPrimitives'[39m[33m;[39m
[31m[1m>[22m[39m[90m 18 |[39m [36mimport[39m { [33mCompensationReviewWorkspace[39m } [36mfrom[39m [32m'./CompensationReviewWorkspace'[39m[33m;[39m
 [90m    |[39m [31m[1m^[22m[39m[31m[1m^[22m[39m[31m[1m^[22m[39m[31m[1m^[22m[39m[31m[1m^[22m[39m[31m[1m^[22m[39m[31m[1m^[22m[39m[31m[1m^[22m[39m[31m[1m^[22m[39m[31m[1m^[22m[39m[31m[1m^[22m[39m[31m[1m^[22m[39m[31m[1m^[22m[39m[31m[1m^[22m[39m[31m[1m^[22m[39m[31m[1m^[22m[39m[31m[1m^[22m[39m[31m[1m^[22m[39m[31m[1m^[22m[39m[31m[1m^[22m[39m[31m[1m^[22m[39m[31m[1m^[22m[39m[31m[1m^[22m[39m[31m[1m^[22m[39m[31m[1m^[22m[39m[31m[1m^[22m[39m[31m[1m^[22m[39m[31m[1m^[22m[39m[31m[1m^[22m[39m[31m[1m^[22m[39m[31m[1m^[22m[39m[31m[1m^[22m[39m[31m[1m^[22m[39m[31m[1m^[22m[39m[31m[1m^[22m[39m[31m[1m^[22m[39m[31m[1m^[22m[39m[31m[1m^[22m[39m[31m[1m^[22m[39m[31m[1m^[22m[39m[31m[1m^[22m[39m[31m[1m^[22m[39m[31m[1m^[22m[39m[31m[1m^[22m[39m[31m[1m^[22m[39m[31m[1m^[22m[39m[31m[1m^[22m[39m[31m[1m^[22m[39m[31m[1m^[22m[39m[31m[1m^[22m[39m[31m[1m^[22m[39m[31m[1m^[22m[39m[31m[1m^[22m[39m[31m[1m^[22m[39m[31m[1m^[22m[39m[31m[1m^[22m[39m[31m[1m^[22m[39m[31m[1m^[22m[39m[31m[1m^[22m[39m[31m[1m^[22m[39m[31m[1m^[22m[39m[31m[1m^[22m[39m[31m[1m^[22m[39m[31m[1m^[22m[39m[31m[1m^[22m[39m[31m[1m^[22m[39m[31m[1m^[22m[39m[31m[1m^[22m[39m[31m[1m^[22m[39m[31m[1m^[22m[39m[31m[1m^[22m[39m[31m[1m^[22m[39m[31m[1m^[22m[39m[31m[1m^[22m[39m[31m[1m^[22m[39m[31m[1m^[22m[39m
 [90m 19 |[39m
 [90m 20 |[39m type [33mRow[39m [33m=[39m [33mRecord[39m[33m<[39m[33mstring[39m[33m,[39m unknown[33m>[39m[33m;[39m
 [90m 21 |[39m[0m



Import trace:
  Server Component:
    ./src/components/payroll/PayrollWorkspace.tsx
    ./src/app/payroll/page.tsx

https://nextjs.org/docs/messages/module-not-found


 ⨯ ./src/components/payroll/PayrollWorkspace.tsx:18:1
Module not found: Can't resolve './CompensationReviewWorkspace'
[0m [90m 16 |[39m [36mimport[39m { cn } [36mfrom[39m [32m'@/lib/utils'[39m[33m;[39m
 [90m 17 |[39m [36mimport[39m { [33mMetricStrip[39m[33m,[39m [33mMoney[39m[33m,[39m [33mPayrollEmpty[39m[33m,[39m [33mPayrollError[39m[33m,[39m [33mPayrollSkeleton[39m[33m,[39m [33mPayrollStatus[39m[33m,[39m [33mSectionHeading[39m } [36mfrom[39m [32m'./PayrollPrimitives'[39m[33m;[39m
[31m[1m>[22m[39m[90m 18 |[39m [36mimport[39m { [33mCompensationReviewWorkspace[39m } [36mfrom[39m [32m'./CompensationReviewWorkspace'[39m[33m;[39m
 [90m    |[39m [31m[1m^[22m[39m[31m[1m^[22m[39m[31m[1m^[22m[39m[31m[1m^[22m[39m[31m[1m^[22m[39m[31m[1m^[22m[39m[31m[1m^[22m[39m[31m[1m^[22m[39m[31m[1m^[22m[39m[31m[1m^[22m[39m[31m[1m^[22m[39m[31m[1m^[22m[39m[31m[1m^[22m[39m[31m[1m^[22m[39m[31m[1m^[22m[39m[31m[1m^[22m[39m[31m[1m^[22m[39m[31m[1m^[22m[39m[31m[1m^[22m[39m[31m[1m^[22m[39m[31m[1m^[22m[39m[31m[1m^[22m[39m[31m[1m^[22m[39m[31m[1m^[22m[39m[31m[1m^[22m[39m[31m[1m^[22m[39m[31m[1m^[22m[39m[31m[1m^[22m[39m[31m[1m^[22m[39m[31m[1m^[22m[39m[31m[1m^[22m[39m[31m[1m^[22m[39m[31m[1m^[22m[39m[31m[1m^[22m[39m[31m[1m^[22m[39m[31m[1m^[22m[39m[31m[1m^[22m[39m[31m[1m^[22m[39m[31m[1m^[22m[39m[31m[1m^[22m[39m[31m[1m^[22m[39m[31m[1m^[22m[39m[31m[1m^[22m[39m[31m[1m^[22m[39m[31m[1m^[22m[39m[31m[1m^[22m[39m[31m[1m^[22m[39m[31m[1m^[22m[39m[31m[1m^[22m[39m[31m[1m^[22m[39m[31m[1m^[22m[39m[31m[1m^[22m[39m[31m[1m^[22m[39m[31m[1m^[22m[39m[31m[1m^[22m[39m[31m[1m^[22m[39m[31m[1m^[22m[39m[31m[1m^[22m[39m[31m[1m^[22m[39m[31m[1m^[22m[39m[31m[1m^[22m[39m[31m[1m^[22m[39m[31m[1m^[22m[39m[31m[1m^[22m[39m[31m[1m^[22m[39m[31m[1m^[22m[39m[31m[1m^[22m[39m[31m[1m^[22m[39m[31m[1m^[22m[39m[31m[1m^[22m[39m[31m[1m^[22m[39m[31m[1m^[22m[39m[31m[1m^[22m[39m[31m[1m^[22m[39m[31m[1m^[22m[39m[31m[1m^[22m[39m
 [90m 19 |[39m
 [90m 20 |[39m type [33mRow[39m [33m=[39m [33mRecord[39m[33m<[39m[33mstring[39m[33m,[39m unknown[33m>[39m[33m;[39m
 [90m 21 |[39m[0m



Import trace:
  Server Component:
    ./src/components/payroll/PayrollWorkspace.tsx
    ./src/app/payroll/page.tsx

https://nextjs.org/docs/messages/module-not-found


 ⨯ ./src/components/payroll/PayrollWorkspace.tsx:18:1
Module not found: Can't resolve './CompensationReviewWorkspace'
[0m [90m 16 |[39m [36mimport[39m { cn } [36mfrom[39m [32m'@/lib/utils'[39m[33m;[39m
 [90m 17 |[39m [36mimport[39m { [33mMetricStrip[39m[33m,[39m [33mMoney[39m[33m,[39m [33mPayrollEmpty[39m[33m,[39m [33mPayrollError[39m[33m,[39m [33mPayrollSkeleton[39m[33m,[39m [33mPayrollStatus[39m[33m,[39m [33mSectionHeading[39m } [36mfrom[39m [32m'./PayrollPrimitives'[39m[33m;[39m
[31m[1m>[22m[39m[90m 18 |[39m [36mimport[39m { [33mCompensationReviewWorkspace[39m } [36mfrom[39m [32m'./CompensationReviewWorkspace'[39m[33m;[39m
 [90m    |[39m [31m[1m^[22m[39m[31m[1m^[22m[39m[31m[1m^[22m[39m[31m[1m^[22m[39m[31m[1m^[22m[39m[31m[1m^[22m[39m[31m[1m^[22m[39m[31m[1m^[22m[39m[31m[1m^[22m[39m[31m[1m^[22m[39m[31m[1m^[22m[39m[31m[1m^[22m[39m[31m[1m^[22m[39m[31m[1m^[22m[39m[31m[1m^[22m[39m[31m[1m^[22m[39m[31m[1m^[22m[39m[31m[1m^[22m[39m[31m[1m^[22m[39m[31m[1m^[22m[39m[31m[1m^[22m[39m[31m[1m^[22m[39m[31m[1m^[22m[39m[31m[1m^[22m[39m[31m[1m^[22m[39m[31m[1m^[22m[39m[31m[1m^[22m[39m[31m[1m^[22m[39m[31m[1m^[22m[39m[31m[1m^[22m[39m[31m[1m^[22m[39m[31m[1m^[22m[39m[31m[1m^[22m[39m[31m[1m^[22m[39m[31m[1m^[22m[39m[31m[1m^[22m[39m[31m[1m^[22m[39m[31m[1m^[22m[39m[31m[1m^[22m[39m[31m[1m^[22m[39m[31m[1m^[22m[39m[31m[1m^[22m[39m[31m[1m^[22m[39m[31m[1m^[22m[39m[31m[1m^[22m[39m[31m[1m^[22m[39m[31m[1m^[22m[39m[31m[1m^[22m[39m[31m[1m^[22m[39m[31m[1m^[22m[39m[31m[1m^[22m[39m[31m[1m^[22m[39m[31m[1m^[22m[39m[31m[1m^[22m[39m[31m[1m^[22m[39m[31m[1m^[22m[39m[31m[1m^[22m[39m[31m[1m^[22m[39m[31m[1m^[22m[39m[31m[1m^[22m[39m[31m[1m^[22m[39m[31m[1m^[22m[39m[31m[1m^[22m[39m[31m[1m^[22m[39m[31m[1m^[22m[39m[31m[1m^[22m[39m[31m[1m^[22m[39m[31m[1m^[22m[39m[31m[1m^[22m[39m[31m[1m^[22m[39m[31m[1m^[22m[39m[31m[1m^[22m[39m[31m[1m^[22m[39m[31m[1m^[22m[39m[31m[1m^[22m[39m[31m[1m^[22m[39m
 [90m 19 |[39m
 [90m 20 |[39m type [33mRow[39m [33m=[39m [33mRecord[39m[33m<[39m[33mstring[39m[33m,[39m unknown[33m>[39m[33m;[39m
 [90m 21 |[39m[0m



Import trace:
  Server Component:
    ./src/components/payroll/PayrollWorkspace.tsx
    ./src/app/payroll/page.tsx

https://nextjs.org/docs/messages/module-not-found


 ⨯ ./src/components/payroll/PayrollWorkspace.tsx:18:1
Module not found: Can't resolve './CompensationReviewWorkspace'
[0m [90m 16 |[39m [36mimport[39m { cn } [36mfrom[39m [32m'@/lib/utils'[39m[33m;[39m
 [90m 17 |[39m [36mimport[39m { [33mMetricStrip[39m[33m,[39m [33mMoney[39m[33m,[39m [33mPayrollEmpty[39m[33m,[39m [33mPayrollError[39m[33m,[39m [33mPayrollSkeleton[39m[33m,[39m [33mPayrollStatus[39m[33m,[39m [33mSectionHeading[39m } [36mfrom[39m [32m'./PayrollPrimitives'[39m[33m;[39m
[31m[1m>[22m[39m[90m 18 |[39m [36mimport[39m { [33mCompensationReviewWorkspace[39m } [36mfrom[39m [32m'./CompensationReviewWorkspace'[39m[33m;[39m
 [90m    |[39m [31m[1m^[22m[39m[31m[1m^[22m[39m[31m[1m^[22m[39m[31m[1m^[22m[39m[31m[1m^[22m[39m[31m[1m^[22m[39m[31m[1m^[22m[39m[31m[1m^[22m[39m[31m[1m^[22m[39m[31m[1m^[22m[39m[31m[1m^[22m[39m[31m[1m^[22m[39m[31m[1m^[22m[39m[31m[1m^[22m[39m[31m[1m^[22m[39m[31m[1m^[22m[39m[31m[1m^[22m[39m[31m[1m^[22m[39m[31m[1m^[22m[39m[31m[1m^[22m[39m[31m[1m^[22m[39m[31m[1m^[22m[39m[31m[1m^[22m[39m[31m[1m^[22m[39m[31m[1m^[22m[39m[31m[1m^[22m[39m[31m[1m^[22m[39m[31m[1m^[22m[39m[31m[1m^[22m[39m[31m[1m^[22m[39m[31m[1m^[22m[39m[31m[1m^[22m[39m[31m[1m^[22m[39m[31m[1m^[22m[39m[31m[1m^[22m[39m[31m[1m^[22m[39m[31m[1m^[22m[39m[31m[1m^[22m[39m[31m[1m^[22m[39m[31m[1m^[22m[39m[31m[1m^[22m[39m[31m[1m^[22m[39m[31m[1m^[22m[39m[31m[1m^[22m[39m[31m[1m^[22m[39m[31m[1m^[22m[39m[31m[1m^[22m[39m[31m[1m^[22m[39m[31m[1m^[22m[39m[31m[1m^[22m[39m[31m[1m^[22m[39m[31m[1m^[22m[39m[31m[1m^[22m[39m[31m[1m^[22m[39m[31m[1m^[22m[39m[31m[1m^[22m[39m[31m[1m^[22m[39m[31m[1m^[22m[39m[31m[1m^[22m[39m[31m[1m^[22m[39m[31m[1m^[22m[39m[31m[1m^[22m[39m[31m[1m^[22m[39m[31m[1m^[22m[39m[31m[1m^[22m[39m[31m[1m^[22m[39m[31m[1m^[22m[39m[31m[1m^[22m[39m[31m[1m^[22m[39m[31m[1m^[22m[39m[31m[1m^[22m[39m[31m[1m^[22m[39m[31m[1m^[22m[39m[31m[1m^[22m[39m[31m[1m^[22m[39m[31m[1m^[22m[39m
 [90m 19 |[39m
 [90m 20 |[39m type [33mRow[39m [33m=[39m [33mRecord[39m[33m<[39m[33mstring[39m[33m,[39m unknown[33m>[39m[33m;[39m
 [90m 21 |[39m[0m



Import trace:
  Server Component:
    ./src/components/payroll/PayrollWorkspace.tsx
    ./src/app/payroll/page.tsx

https://nextjs.org/docs/messages/module-not-found


 ⨯ ./src/components/payroll/PayrollWorkspace.tsx:18:1
Module not found: Can't resolve './CompensationReviewWorkspace'
[0m [90m 16 |[39m [36mimport[39m { cn } [36mfrom[39m [32m'@/lib/utils'[39m[33m;[39m
 [90m 17 |[39m [36mimport[39m { [33mMetricStrip[39m[33m,[39m [33mMoney[39m[33m,[39m [33mPayrollEmpty[39m[33m,[39m [33mPayrollError[39m[33m,[39m [33mPayrollSkeleton[39m[33m,[39m [33mPayrollStatus[39m[33m,[39m [33mSectionHeading[39m } [36mfrom[39m [32m'./PayrollPrimitives'[39m[33m;[39m
[31m[1m>[22m[39m[90m 18 |[39m [36mimport[39m { [33mCompensationReviewWorkspace[39m } [36mfrom[39m [32m'./CompensationReviewWorkspace'[39m[33m;[39m
 [90m    |[39m [31m[1m^[22m[39m[31m[1m^[22m[39m[31m[1m^[22m[39m[31m[1m^[22m[39m[31m[1m^[22m[39m[31m[1m^[22m[39m[31m[1m^[22m[39m[31m[1m^[22m[39m[31m[1m^[22m[39m[31m[1m^[22m[39m[31m[1m^[22m[39m[31m[1m^[22m[39m[31m[1m^[22m[39m[31m[1m^[22m[39m[31m[1m^[22m[39m[31m[1m^[22m[39m[31m[1m^[22m[39m[31m[1m^[22m[39m[31m[1m^[22m[39m[31m[1m^[22m[39m[31m[1m^[22m[39m[31m[1m^[22m[39m[31m[1m^[22m[39m[31m[1m^[22m[39m[31m[1m^[22m[39m[31m[1m^[22m[39m[31m[1m^[22m[39m[31m[1m^[22m[39m[31m[1m^[22m[39m[31m[1m^[22m[39m[31m[1m^[22m[39m[31m[1m^[22m[39m[31m[1m^[22m[39m[31m[1m^[22m[39m[31m[1m^[22m[39m[31m[1m^[22m[39m[31m[1m^[22m[39m[31m[1m^[22m[39m[31m[1m^[22m[39m[31m[1m^[22m[39m[31m[1m^[22m[39m[31m[1m^[22m[39m[31m[1m^[22m[39m[31m[1m^[22m[39m[31m[1m^[22m[39m[31m[1m^[22m[39m[31m[1m^[22m[39m[31m[1m^[22m[39m[31m[1m^[22m[39m[31m[1m^[22m[39m[31m[1m^[22m[39m[31m[1m^[22m[39m[31m[1m^[22m[39m[31m[1m^[22m[39m[31m[1m^[22m[39m[31m[1m^[22m[39m[31m[1m^[22m[39m[31m[1m^[22m[39m[31m[1m^[22m[39m[31m[1m^[22m[39m[31m[1m^[22m[39m[31m[1m^[22m[39m[31m[1m^[22m[39m[31m[1m^[22m[39m[31m[1m^[22m[39m[31m[1m^[22m[39m[31m[1m^[22m[39m[31m[1m^[22m[39m[31m[1m^[22m[39m[31m[1m^[22m[39m[31m[1m^[22m[39m[31m[1m^[22m[39m[31m[1m^[22m[39m[31m[1m^[22m[39m[31m[1m^[22m[39m[31m[1m^[22m[39m
 [90m 19 |[39m
 [90m 20 |[39m type [33mRow[39m [33m=[39m [33mRecord[39m[33m<[39m[33mstring[39m[33m,[39m unknown[33m>[39m[33m;[39m
 [90m 21 |[39m[0m



Import trace:
  Server Component:
    ./src/components/payroll/PayrollWorkspace.tsx
    ./src/app/payroll/page.tsx

https://nextjs.org/docs/messages/module-not-found


 ⨯ ./src/components/payroll/PayrollWorkspace.tsx:18:1
Module not found: Can't resolve './CompensationReviewWorkspace'
[0m [90m 16 |[39m [36mimport[39m { cn } [36mfrom[39m [32m'@/lib/utils'[39m[33m;[39m
 [90m 17 |[39m [36mimport[39m { [33mMetricStrip[39m[33m,[39m [33mMoney[39m[33m,[39m [33mPayrollEmpty[39m[33m,[39m [33mPayrollError[39m[33m,[39m [33mPayrollSkeleton[39m[33m,[39m [33mPayrollStatus[39m[33m,[39m [33mSectionHeading[39m } [36mfrom[39m [32m'./PayrollPrimitives'[39m[33m;[39m
[31m[1m>[22m[39m[90m 18 |[39m [36mimport[39m { [33mCompensationReviewWorkspace[39m } [36mfrom[39m [32m'./CompensationReviewWorkspace'[39m[33m;[39m
 [90m    |[39m [31m[1m^[22m[39m[31m[1m^[22m[39m[31m[1m^[22m[39m[31m[1m^[22m[39m[31m[1m^[22m[39m[31m[1m^[22m[39m[31m[1m^[22m[39m[31m[1m^[22m[39m[31m[1m^[22m[39m[31m[1m^[22m[39m[31m[1m^[22m[39m[31m[1m^[22m[39m[31m[1m^[22m[39m[31m[1m^[22m[39m[31m[1m^[22m[39m[31m[1m^[22m[39m[31m[1m^[22m[39m[31m[1m^[22m[39m[31m[1m^[22m[39m[31m[1m^[22m[39m[31m[1m^[22m[39m[31m[1m^[22m[39m[31m[1m^[22m[39m[31m[1m^[22m[39m[31m[1m^[22m[39m[31m[1m^[22m[39m[31m[1m^[22m[39m[31m[1m^[22m[39m[31m[1m^[22m[39m[31m[1m^[22m[39m[31m[1m^[22m[39m[31m[1m^[22m[39m[31m[1m^[22m[39m[31m[1m^[22m[39m[31m[1m^[22m[39m[31m[1m^[22m[39m[31m[1m^[22m[39m[31m[1m^[22m[39m[31m[1m^[22m[39m[31m[1m^[22m[39m[31m[1m^[22m[39m[31m[1m^[22m[39m[31m[1m^[22m[39m[31m[1m^[22m[39m[31m[1m^[22m[39m[31m[1m^[22m[39m[31m[1m^[22m[39m[31m[1m^[22m[39m[31m[1m^[22m[39m[31m[1m^[22m[39m[31m[1m^[22m[39m[31m[1m^[22m[39m[31m[1m^[22m[39m[31m[1m^[22m[39m[31m[1m^[22m[39m[31m[1m^[22m[39m[31m[1m^[22m[39m[31m[1m^[22m[39m[31m[1m^[22m[39m[31m[1m^[22m[39m[31m[1m^[22m[39m[31m[1m^[22m[39m[31m[1m^[22m[39m[31m[1m^[22m[39m[31m[1m^[22m[39m[31m[1m^[22m[39m[31m[1m^[22m[39m[31m[1m^[22m[39m[31m[1m^[22m[39m[31m[1m^[22m[39m[31m[1m^[22m[39m[31m[1m^[22m[39m[31m[1m^[22m[39m[31m[1m^[22m[39m[31m[1m^[22m[39m[31m[1m^[22m[39m
 [90m 19 |[39m
 [90m 20 |[39m type [33mRow[39m [33m=[39m [33mRecord[39m[33m<[39m[33mstring[39m[33m,[39m unknown[33m>[39m[33m;[39m
 [90m 21 |[39m[0m



Import trace:
  Server Component:
    ./src/components/payroll/PayrollWorkspace.tsx
    ./src/app/payroll/page.tsx

https://nextjs.org/docs/messages/module-not-found


 ⨯ ./src/components/payroll/PayrollWorkspace.tsx:18:1
Module not found: Can't resolve './CompensationReviewWorkspace'
[0m [90m 16 |[39m [36mimport[39m { cn } [36mfrom[39m [32m'@/lib/utils'[39m[33m;[39m
 [90m 17 |[39m [36mimport[39m { [33mMetricStrip[39m[33m,[39m [33mMoney[39m[33m,[39m [33mPayrollEmpty[39m[33m,[39m [33mPayrollError[39m[33m,[39m [33mPayrollSkeleton[39m[33m,[39m [33mPayrollStatus[39m[33m,[39m [33mSectionHeading[39m } [36mfrom[39m [32m'./PayrollPrimitives'[39m[33m;[39m
[31m[1m>[22m[39m[90m 18 |[39m [36mimport[39m { [33mCompensationReviewWorkspace[39m } [36mfrom[39m [32m'./CompensationReviewWorkspace'[39m[33m;[39m
 [90m    |[39m [31m[1m^[22m[39m[31m[1m^[22m[39m[31m[1m^[22m[39m[31m[1m^[22m[39m[31m[1m^[22m[39m[31m[1m^[22m[39m[31m[1m^[22m[39m[31m[1m^[22m[39m[31m[1m^[22m[39m[31m[1m^[22m[39m[31m[1m^[22m[39m[31m[1m^[22m[39m[31m[1m^[22m[39m[31m[1m^[22m[39m[31m[1m^[22m[39m[31m[1m^[22m[39m[31m[1m^[22m[39m[31m[1m^[22m[39m[31m[1m^[22m[39m[31m[1m^[22m[39m[31m[1m^[22m[39m[31m[1m^[22m[39m[31m[1m^[22m[39m[31m[1m^[22m[39m[31m[1m^[22m[39m[31m[1m^[22m[39m[31m[1m^[22m[39m[31m[1m^[22m[39m[31m[1m^[22m[39m[31m[1m^[22m[39m[31m[1m^[22m[39m[31m[1m^[22m[39m[31m[1m^[22m[39m[31m[1m^[22m[39m[31m[1m^[22m[39m[31m[1m^[22m[39m[31m[1m^[22m[39m[31m[1m^[22m[39m[31m[1m^[22m[39m[31m[1m^[22m[39m[31m[1m^[22m[39m[31m[1m^[22m[39m[31m[1m^[22m[39m[31m[1m^[22m[39m[31m[1m^[22m[39m[31m[1m^[22m[39m[31m[1m^[22m[39m[31m[1m^[22m[39m[31m[1m^[22m[39m[31m[1m^[22m[39m[31m[1m^[22m[39m[31m[1m^[22m[39m[31m[1m^[22m[39m[31m[1m^[22m[39m[31m[1m^[22m[39m[31m[1m^[22m[39m[31m[1m^[22m[39m[31m[1m^[22m[39m[31m[1m^[22m[39m[31m[1m^[22m[39m[31m[1m^[22m[39m[31m[1m^[22m[39m[31m[1m^[22m[39m[31m[1m^[22m[39m[31m[1m^[22m[39m[31m[1m^[22m[39m[31m[1m^[22m[39m[31m[1m^[22m[39m[31m[1m^[22m[39m[31m[1m^[22m[39m[31m[1m^[22m[39m[31m[1m^[22m[39m[31m[1m^[22m[39m[31m[1m^[22m[39m[31m[1m^[22m[39m[31m[1m^[22m[39m
 [90m 19 |[39m
 [90m 20 |[39m type [33mRow[39m [33m=[39m [33mRecord[39m[33m<[39m[33mstring[39m[33m,[39m unknown[33m>[39m[33m;[39m
 [90m 21 |[39m[0m



Import trace:
  Server Component:
    ./src/components/payroll/PayrollWorkspace.tsx
    ./src/app/payroll/page.tsx

https://nextjs.org/docs/messages/module-not-found


 ⨯ ./src/components/payroll/PayrollWorkspace.tsx:18:1
Module not found: Can't resolve './CompensationReviewWorkspace'
[0m [90m 16 |[39m [36mimport[39m { cn } [36mfrom[39m [32m'@/lib/utils'[39m[33m;[39m
 [90m 17 |[39m [36mimport[39m { [33mMetricStrip[39m[33m,[39m [33mMoney[39m[33m,[39m [33mPayrollEmpty[39m[33m,[39m [33mPayrollError[39m[33m,[39m [33mPayrollSkeleton[39m[33m,[39m [33mPayrollStatus[39m[33m,[39m [33mSectionHeading[39m } [36mfrom[39m [32m'./PayrollPrimitives'[39m[33m;[39m
[31m[1m>[22m[39m[90m 18 |[39m [36mimport[39m { [33mCompensationReviewWorkspace[39m } [36mfrom[39m [32m'./CompensationReviewWorkspace'[39m[33m;[39m
 [90m    |[39m [31m[1m^[22m[39m[31m[1m^[22m[39m[31m[1m^[22m[39m[31m[1m^[22m[39m[31m[1m^[22m[39m[31m[1m^[22m[39m[31m[1m^[22m[39m[31m[1m^[22m[39m[31m[1m^[22m[39m[31m[1m^[22m[39m[31m[1m^[22m[39m[31m[1m^[22m[39m[31m[1m^[22m[39m[31m[1m^[22m[39m[31m[1m^[22m[39m[31m[1m^[22m[39m[31m[1m^[22m[39m[31m[1m^[22m[39m[31m[1m^[22m[39m[31m[1m^[22m[39m[31m[1m^[22m[39m[31m[1m^[22m[39m[31m[1m^[22m[39m[31m[1m^[22m[39m[31m[1m^[22m[39m[31m[1m^[22m[39m[31m[1m^[22m[39m[31m[1m^[22m[39m[31m[1m^[22m[39m[31m[1m^[22m[39m[31m[1m^[22m[39m[31m[1m^[22m[39m[31m[1m^[22m[39m[31m[1m^[22m[39m[31m[1m^[22m[39m[31m[1m^[22m[39m[31m[1m^[22m[39m[31m[1m^[22m[39m[31m[1m^[22m[39m[31m[1m^[22m[39m[31m[1m^[22m[39m[31m[1m^[22m[39m[31m[1m^[22m[39m[31m[1m^[22m[39m[31m[1m^[22m[39m[31m[1m^[22m[39m[31m[1m^[22m[39m[31m[1m^[22m[39m[31m[1m^[22m[39m[31m[1m^[22m[39m[31m[1m^[22m[39m[31m[1m^[22m[39m[31m[1m^[22m[39m[31m[1m^[22m[39m[31m[1m^[22m[39m[31m[1m^[22m[39m[31m[1m^[22m[39m[31m[1m^[22m[39m[31m[1m^[22m[39m[31m[1m^[22m[39m[31m[1m^[22m[39m[31m[1m^[22m[39m[31m[1m^[22m[39m[31m[1m^[22m[39m[31m[1m^[22m[39m[31m[1m^[22m[39m[31m[1m^[22m[39m[31m[1m^[22m[39m[31m[1m^[22m[39m[31m[1m^[22m[39m[31m[1m^[22m[39m[31m[1m^[22m[39m[31m[1m^[22m[39m[31m[1m^[22m[39m[31m[1m^[22m[39m[31m[1m^[22m[39m
 [90m 19 |[39m
 [90m 20 |[39m type [33mRow[39m [33m=[39m [33mRecord[39m[33m<[39m[33mstring[39m[33m,[39m unknown[33m>[39m[33m;[39m
 [90m 21 |[39m[0m



Import trace:
  Server Component:
    ./src/components/payroll/PayrollWorkspace.tsx
    ./src/app/payroll/page.tsx

https://nextjs.org/docs/messages/module-not-found


 ⨯ ./src/components/payroll/PayrollWorkspace.tsx:18:1
Module not found: Can't resolve './CompensationReviewWorkspace'
[0m [90m 16 |[39m [36mimport[39m { cn } [36mfrom[39m [32m'@/lib/utils'[39m[33m;[39m
 [90m 17 |[39m [36mimport[39m { [33mMetricStrip[39m[33m,[39m [33mMoney[39m[33m,[39m [33mPayrollEmpty[39m[33m,[39m [33mPayrollError[39m[33m,[39m [33mPayrollSkeleton[39m[33m,[39m [33mPayrollStatus[39m[33m,[39m [33mSectionHeading[39m } [36mfrom[39m [32m'./PayrollPrimitives'[39m[33m;[39m
[31m[1m>[22m[39m[90m 18 |[39m [36mimport[39m { [33mCompensationReviewWorkspace[39m } [36mfrom[39m [32m'./CompensationReviewWorkspace'[39m[33m;[39m
 [90m    |[39m [31m[1m^[22m[39m[31m[1m^[22m[39m[31m[1m^[22m[39m[31m[1m^[22m[39m[31m[1m^[22m[39m[31m[1m^[22m[39m[31m[1m^[22m[39m[31m[1m^[22m[39m[31m[1m^[22m[39m[31m[1m^[22m[39m[31m[1m^[22m[39m[31m[1m^[22m[39m[31m[1m^[22m[39m[31m[1m^[22m[39m[31m[1m^[22m[39m[31m[1m^[22m[39m[31m[1m^[22m[39m[31m[1m^[22m[39m[31m[1m^[22m[39m[31m[1m^[22m[39m[31m[1m^[22m[39m[31m[1m^[22m[39m[31m[1m^[22m[39m[31m[1m^[22m[39m[31m[1m^[22m[39m[31m[1m^[22m[39m[31m[1m^[22m[39m[31m[1m^[22m[39m[31m[1m^[22m[39m[31m[1m^[22m[39m[31m[1m^[22m[39m[31m[1m^[22m[39m[31m[1m^[22m[39m[31m[1m^[22m[39m[31m[1m^[22m[39m[31m[1m^[22m[39m[31m[1m^[22m[39m[31m[1m^[22m[39m[31m[1m^[22m[39m[31m[1m^[22m[39m[31m[1m^[22m[39m[31m[1m^[22m[39m[31m[1m^[22m[39m[31m[1m^[22m[39m[31m[1m^[22m[39m[31m[1m^[22m[39m[31m[1m^[22m[39m[31m[1m^[22m[39m[31m[1m^[22m[39m[31m[1m^[22m[39m[31m[1m^[22m[39m[31m[1m^[22m[39m[31m[1m^[22m[39m[31m[1m^[22m[39m[31m[1m^[22m[39m[31m[1m^[22m[39m[31m[1m^[22m[39m[31m[1m^[22m[39m[31m[1m^[22m[39m[31m[1m^[22m[39m[31m[1m^[22m[39m[31m[1m^[22m[39m[31m[1m^[22m[39m[31m[1m^[22m[39m[31m[1m^[22m[39m[31m[1m^[22m[39m[31m[1m^[22m[39m[31m[1m^[22m[39m[31m[1m^[22m[39m[31m[1m^[22m[39m[31m[1m^[22m[39m[31m[1m^[22m[39m[31m[1m^[22m[39m[31m[1m^[22m[39m[31m[1m^[22m[39m[31m[1m^[22m[39m
 [90m 19 |[39m
 [90m 20 |[39m type [33mRow[39m [33m=[39m [33mRecord[39m[33m<[39m[33mstring[39m[33m,[39m unknown[33m>[39m[33m;[39m
 [90m 21 |[39m[0m



Import trace:
  Server Component:
    ./src/components/payroll/PayrollWorkspace.tsx
    ./src/app/payroll/page.tsx

https://nextjs.org/docs/messages/module-not-found


 ⨯ ./src/components/payroll/PayrollWorkspace.tsx:18:1
Module not found: Can't resolve './CompensationReviewWorkspace'
[0m [90m 16 |[39m [36mimport[39m { cn } [36mfrom[39m [32m'@/lib/utils'[39m[33m;[39m
 [90m 17 |[39m [36mimport[39m { [33mMetricStrip[39m[33m,[39m [33mMoney[39m[33m,[39m [33mPayrollEmpty[39m[33m,[39m [33mPayrollError[39m[33m,[39m [33mPayrollSkeleton[39m[33m,[39m [33mPayrollStatus[39m[33m,[39m [33mSectionHeading[39m } [36mfrom[39m [32m'./PayrollPrimitives'[39m[33m;[39m
[31m[1m>[22m[39m[90m 18 |[39m [36mimport[39m { [33mCompensationReviewWorkspace[39m } [36mfrom[39m [32m'./CompensationReviewWorkspace'[39m[33m;[39m
 [90m    |[39m [31m[1m^[22m[39m[31m[1m^[22m[39m[31m[1m^[22m[39m[31m[1m^[22m[39m[31m[1m^[22m[39m[31m[1m^[22m[39m[31m[1m^[22m[39m[31m[1m^[22m[39m[31m[1m^[22m[39m[31m[1m^[22m[39m[31m[1m^[22m[39m[31m[1m^[22m[39m[31m[1m^[22m[39m[31m[1m^[22m[39m[31m[1m^[22m[39m[31m[1m^[22m[39m[31m[1m^[22m[39m[31m[1m^[22m[39m[31m[1m^[22m[39m[31m[1m^[22m[39m[31m[1m^[22m[39m[31m[1m^[22m[39m[31m[1m^[22m[39m[31m[1m^[22m[39m[31m[1m^[22m[39m[31m[1m^[22m[39m[31m[1m^[22m[39m[31m[1m^[22m[39m[31m[1m^[22m[39m[31m[1m^[22m[39m[31m[1m^[22m[39m[31m[1m^[22m[39m[31m[1m^[22m[39m[31m[1m^[22m[39m[31m[1m^[22m[39m[31m[1m^[22m[39m[31m[1m^[22m[39m[31m[1m^[22m[39m[31m[1m^[22m[39m[31m[1m^[22m[39m[31m[1m^[22m[39m[31m[1m^[22m[39m[31m[1m^[22m[39m[31m[1m^[22m[39m[31m[1m^[22m[39m[31m[1m^[22m[39m[31m[1m^[22m[39m[31m[1m^[22m[39m[31m[1m^[22m[39m[31m[1m^[22m[39m[31m[1m^[22m[39m[31m[1m^[22m[39m[31m[1m^[22m[39m[31m[1m^[22m[39m[31m[1m^[22m[39m[31m[1m^[22m[39m[31m[1m^[22m[39m[31m[1m^[22m[39m[31m[1m^[22m[39m[31m[1m^[22m[39m[31m[1m^[22m[39m[31m[1m^[22m[39m[31m[1m^[22m[39m[31m[1m^[22m[39m[31m[1m^[22m[39m[31m[1m^[22m[39m[31m[1m^[22m[39m[31m[1m^[22m[39m[31m[1m^[22m[39m[31m[1m^[22m[39m[31m[1m^[22m[39m[31m[1m^[22m[39m[31m[1m^[22m[39m[31m[1m^[22m[39m[31m[1m^[22m[39m[31m[1m^[22m[39m
 [90m 19 |[39m
 [90m 20 |[39m type [33mRow[39m [33m=[39m [33mRecord[39m[33m<[39m[33mstring[39m[33m,[39m unknown[33m>[39m[33m;[39m
 [90m 21 |[39m[0m



Import trace:
  Server Component:
    ./src/components/payroll/PayrollWorkspace.tsx
    ./src/app/payroll/page.tsx

https://nextjs.org/docs/messages/module-not-found


 ⚠ Cross origin request detected from 127.0.0.1 to /_next/* resource. In a future major version of Next.js, you will need to explicitly configure "allowedDevOrigins" in next.config to allow this.
Read more: https://nextjs.org/docs/app/api-reference/config/next-config-js/allowedDevOrigins
 ⨯ ./src/app/settings/onboarding/page.tsx:3:1
Module not found: Can't resolve './OnboardingChecklistAdminClient'
[0m [90m 1 |[39m [36mimport[39m { redirect } [36mfrom[39m [32m'next/navigation'[39m[33m;[39m
 [90m 2 |[39m
[31m[1m>[22m[39m[90m 3 |[39m [36mimport[39m { [33mOnboardingChecklistAdminClient[39m } [36mfrom[39m [32m'./OnboardingChecklistAdminClient'[39m[33m;[39m
 [90m   |[39m [31m[1m^[22m[39m[31m[1m^[22m[39m[31m[1m^[22m[39m[31m[1m^[22m[39m[31m[1m^[22m[39m[31m[1m^[22m[39m[31m[1m^[22m[39m[31m[1m^[22m[39m[31m[1m^[22m[39m[31m[1m^[22m[39m[31m[1m^[22m[39m[31m[1m^[22m[39m[31m[1m^[22m[39m[31m[1m^[22m[39m[31m[1m^[22m[39m[31m[1m^[22m[39m[31m[1m^[22m[39m[31m[1m^[22m[39m[31m[1m^[22m[39m[31m[1m^[22m[39m[31m[1m^[22m[39m[31m[1m^[22m[39m[31m[1m^[22m[39m[31m[1m^[22m[39m[31m[1m^[22m[39m[31m[1m^[22m[39m[31m[1m^[22m[39m[31m[1m^[22m[39m[31m[1m^[22m[39m[31m[1m^[22m[39m[31m[1m^[22m[39m[31m[1m^[22m[39m[31m[1m^[22m[39m[31m[1m^[22m[39m[31m[1m^[22m[39m[31m[1m^[22m[39m[31m[1m^[22m[39m[31m[1m^[22m[39m[31m[1m^[22m[39m[31m[1m^[22m[39m[31m[1m^[22m[39m[31m[1m^[22m[39m[31m[1m^[22m[39m[31m[1m^[22m[39m[31m[1m^[22m[39m[31m[1m^[22m[39m[31m[1m^[22m[39m[31m[1m^[22m[39m[31m[1m^[22m[39m[31m[1m^[22m[39m[31m[1m^[22m[39m[31m[1m^[22m[39m[31m[1m^[22m[39m[31m[1m^[22m[39m[31m[1m^[22m[39m[31m[1m^[22m[39m[31m[1m^[22m[39m[31m[1m^[22m[39m[31m[1m^[22m[39m[31m[1m^[22m[39m[31m[1m^[22m[39m[31m[1m^[22m[39m[31m[1m^[22m[39m[31m[1m^[22m[39m[31m[1m^[22m[39m[31m[1m^[22m[39m[31m[1m^[22m[39m[31m[1m^[22m[39m[31m[1m^[22m[39m[31m[1m^[22m[39m[31m[1m^[22m[39m[31m[1m^[22m[39m[31m[1m^[22m[39m[31m[1m^[22m[39m[31m[1m^[22m[39m[31m[1m^[22m[39m[31m[1m^[22m[39m[31m[1m^[22m[39m[31m[1m^[22m[39m[31m[1m^[22m[39m[31m[1m^[22m[39m[31m[1m^[22m[39m
 [90m 4 |[39m
 [90m 5 |[39m [36mexport[39m [36mdefault[39m [36masync[39m [36mfunction[39m [33mOnboardingChecklistSettingsPage[39m({
 [90m 6 |[39m   searchParams[33m,[39m[0m



https://nextjs.org/docs/messages/module-not-found


 ⨯ ./src/app/settings/onboarding/page.tsx:3:1
Module not found: Can't resolve './OnboardingChecklistAdminClient'
[0m [90m 1 |[39m [36mimport[39m { redirect } [36mfrom[39m [32m'next/navigation'[39m[33m;[39m
 [90m 2 |[39m
[31m[1m>[22m[39m[90m 3 |[39m [36mimport[39m { [33mOnboardingChecklistAdminClient[39m } [36mfrom[39m [32m'./OnboardingChecklistAdminClient'[39m[33m;[39m
 [90m   |[39m [31m[1m^[22m[39m[31m[1m^[22m[39m[31m[1m^[22m[39m[31m[1m^[22m[39m[31m[1m^[22m[39m[31m[1m^[22m[39m[31m[1m^[22m[39m[31m[1m^[22m[39m[31m[1m^[22m[39m[31m[1m^[22m[39m[31m[1m^[22m[39m[31m[1m^[22m[39m[31m[1m^[22m[39m[31m[1m^[22m[39m[31m[1m^[22m[39m[31m[1m^[22m[39m[31m[1m^[22m[39m[31m[1m^[22m[39m[31m[1m^[22m[39m[31m[1m^[22m[39m[31m[1m^[22m[39m[31m[1m^[22m[39m[31m[1m^[22m[39m[31m[1m^[22m[39m[31m[1m^[22m[39m[31m[1m^[22m[39m[31m[1m^[22m[39m[31m[1m^[22m[39m[31m[1m^[22m[39m[31m[1m^[22m[39m[31m[1m^[22m[39m[31m[1m^[22m[39m[31m[1m^[22m[39m[31m[1m^[22m[39m[31m[1m^[22m[39m[31m[1m^[22m[39m[31m[1m^[22m[39m[31m[1m^[22m[39m[31m[1m^[22m[39m[31m[1m^[22m[39m[31m[1m^[22m[39m[31m[1m^[22m[39m[31m[1m^[22m[39m[31m[1m^[22m[39m[31m[1m^[22m[39m[31m[1m^[22m[39m[31m[1m^[22m[39m[31m[1m^[22m[39m[31m[1m^[22m[39m[31m[1m^[22m[39m[31m[1m^[22m[39m[31m[1m^[22m[39m[31m[1m^[22m[39m[31m[1m^[22m[39m[31m[1m^[22m[39m[31m[1m^[22m[39m[31m[1m^[22m[39m[31m[1m^[22m[39m[31m[1m^[22m[39m[31m[1m^[22m[39m[31m[1m^[22m[39m[31m[1m^[22m[39m[31m[1m^[22m[39m[31m[1m^[22m[39m[31m[1m^[22m[39m[31m[1m^[22m[39m[31m[1m^[22m[39m[31m[1m^[22m[39m[31m[1m^[22m[39m[31m[1m^[22m[39m[31m[1m^[22m[39m[31m[1m^[22m[39m[31m[1m^[22m[39m[31m[1m^[22m[39m[31m[1m^[22m[39m[31m[1m^[22m[39m[31m[1m^[22m[39m[31m[1m^[22m[39m[31m[1m^[22m[39m[31m[1m^[22m[39m[31m[1m^[22m[39m[31m[1m^[22m[39m
 [90m 4 |[39m
 [90m 5 |[39m [36mexport[39m [36mdefault[39m [36masync[39m [36mfunction[39m [33mOnboardingChecklistSettingsPage[39m({
 [90m 6 |[39m   searchParams[33m,[39m[0m



https://nextjs.org/docs/messages/module-not-found


