 ⚠ Webpack is configured while Turbopack is not, which may cause problems.
 ⚠ See instructions if you need to configure Turbopack:
  https://nextjs.org/docs/app/api-reference/next-config-js/turbopack


[1m[33mwarn[39m[22m - The class `ease-[cubic-bezier(0.22,1,0.36,1)]` is ambiguous and matches multiple utilities.
[1m[33mwarn[39m[22m - If this is content and not a class, replace it with `ease-&lsqb;cubic-bezier(0.22,1,0.36,1)&rsqb;` to silence this warning.

[1m[33mwarn[39m[22m - The class `ease-[cubic-bezier(0.25,1,0.5,1)]` is ambiguous and matches multiple utilities.
[1m[33mwarn[39m[22m - If this is content and not a class, replace it with `ease-&lsqb;cubic-bezier(0.25,1,0.5,1)&rsqb;` to silence this warning.

[1m[33mwarn[39m[22m - The class `motion-safe:ease-[cubic-bezier(0.22,1,0.36,1)]` is ambiguous and matches multiple utilities.
[1m[33mwarn[39m[22m - If this is content and not a class, replace it with `motion-safe:ease-&lsqb;cubic-bezier(0.22,1,0.36,1)&rsqb;` to silence this warning.
 ⚠ The "images.domains" configuration is deprecated. Please use "images.remotePatterns" configuration instead.
[HRIS v1] POST exits failed Error [PrismaClientKnownRequestError]: 
Invalid `prisma.$queryRawUnsafe()` invocation:


Raw query failed. Code: `42804`. Message: `ERROR: column "employee_id" is of type uuid but expression is of type text
HINT: You will need to rewrite or cast the expression.`
    at async POST (src\app\api\hr\v1\[resource]\route.ts:132:18)
  130 |
  131 |   try {
> 132 |     const rows = await prisma.$queryRawUnsafe<Record<string, unknown>[]>(
      |                  ^
  133 |       `INSERT INTO ${access.config.table} (${columns.join(', ')}) VALUES (${casted.join(', ')}) RETURNING *`,
  134 |       ...values,
  135 |     ); {
  code: 'P2010',
  meta: [Object],
  clientVersion: '6.11.0'
}
