[2025-08-29T08:29:43.326Z] [INFO] Starting realtime centralization check...
[2025-08-29T08:29:43.409Z] [INFO] src/components/UploadQueueStatus.tsx already uses centralized realtime
[2025-08-29T08:29:43.434Z] [INFO] src/components/candidates/CandidateImportUploadQueue.tsx already uses centralized realtime
[2025-08-29T08:29:43.449Z] [INFO] src/components/ui/user-presence-indicator.tsx already uses centralized realtime
[2025-08-29T08:29:43.459Z] [INFO] src/components/ui/realtime-collaboration.tsx already uses centralized realtime
[2025-08-29T08:29:43.474Z] [INFO] src/components/dashboard/DashboardPageClient.tsx already uses centralized realtime
[2025-08-29T08:29:43.486Z] [INFO] src/components/positions/PositionsPageClient.tsx already uses centralized realtime
[2025-08-29T08:29:43.504Z] [INFO] src/components/candidates/CandidatesPageClient.tsx already uses centralized realtime
[2025-08-29T08:29:43.522Z] [INFO] src/components/tasks/MyTasksPageClient.tsx already uses centralized realtime
[2025-08-29T08:29:43.538Z] [INFO] src/app/task-board/page.tsx already uses centralized realtime
[2025-08-29T08:29:43.578Z] [INFO] Checking main unified realtime hook: src/hooks/use-unified-realtime-optimized.ts
[2025-08-29T08:29:43.625Z] [INFO] API endpoint exists: src/app/api/realtime/unified/route.ts
[2025-08-29T08:29:43.629Z] [WARN] Unified realtime endpoint missing broadcastEvent function
[2025-08-29T08:29:43.643Z] [INFO] API endpoint exists: src/app/api/upload-queue/sse/route.ts
[2025-08-29T08:29:43.656Z] [INFO] API endpoint exists: src/app/api/realtime/presence/route.ts
[2025-08-29T08:29:43.661Z] [INFO] === REALTIME CENTRALIZATION REPORT ===
[2025-08-29T08:29:43.670Z] [INFO] ✅ src/components/UploadQueueStatus.tsx - Uses realtime hook
[2025-08-29T08:29:43.684Z] [INFO] ✅ src/components/UploadQueueStatistics.tsx - Uses realtime hook
[2025-08-29T08:29:43.690Z] [WARN] 🔧 src/components/UploadQueueStatistics.tsx - Needs to use centralized realtime
[2025-08-29T08:29:43.702Z] [INFO] ✅ src/components/candidates/CandidateImportUploadQueue.tsx - Uses realtime hook
[2025-08-29T08:29:43.717Z] [INFO] ✅ src/components/ui/user-presence-indicator.tsx - Uses realtime hook
[2025-08-29T08:29:43.741Z] [WARN] ⚠️  src/components/dashboard/DashboardPageClient.tsx - Has manual EventSource implementation
[2025-08-29T08:29:43.747Z] [INFO] ✅ src/components/dashboard/DashboardPageClient.tsx - Uses realtime hook
[2025-08-29T08:29:43.762Z] [INFO] ✅ src/components/positions/PositionsPageClient.tsx - Uses realtime hook
[2025-08-29T08:29:43.778Z] [INFO] ✅ src/components/candidates/CandidatesPageClient.tsx - Uses realtime hook
[2025-08-29T08:29:43.791Z] [INFO] ✅ src/components/tasks/MyTasksPageClient.tsx - Uses realtime hook
[2025-08-29T08:29:43.806Z] [INFO] ✅ src/hooks/use-upload-queue-sse.ts - Uses realtime hook
[2025-08-29T08:29:43.818Z] [WARN] ⚠️  src/hooks/use-user-presence.ts - Has manual EventSource implementation
[2025-08-29T08:29:43.822Z] [INFO] ✅ src/hooks/use-user-presence.ts - Uses realtime hook
[2025-08-29T08:29:43.830Z] [INFO] ✅ src/hooks/use-unified-realtime.ts - Uses realtime hook
[2025-08-29T08:29:43.840Z] [WARN] ⚠️  src/hooks/use-unified-realtime-optimized.ts - Has manual EventSource implementation
[2025-08-29T08:29:43.845Z] [INFO] ✅ src/hooks/use-unified-realtime-optimized.ts - Uses realtime hook
[2025-08-29T08:29:43.857Z] [WARN] ⚠️  src/app/api/upload-queue/sse/route.ts - Has manual EventSource implementation
[2025-08-29T08:29:43.887Z] [WARN] ⚠️  src/app/api/realtime/unified/route.ts - Has manual EventSource implementation
[2025-08-29T08:29:43.892Z] [INFO] 
[2025-08-29T08:29:43.895Z] [INFO] === SUMMARY ===
[2025-08-29T08:29:43.898Z] [INFO] Total files checked: 18
[2025-08-29T08:29:43.901Z] [WARN] Files with manual EventSource: 5
[2025-08-29T08:29:43.905Z] [INFO] Files using realtime hooks: 12
[2025-08-29T08:29:43.908Z] [WARN] Files needing centralized realtime: 1
[2025-08-29T08:29:43.911Z] [INFO] Files fixed: 0
[2025-08-29T08:29:43.913Z] [INFO] 
[2025-08-29T08:29:43.915Z] [INFO] === RECOMMENDATIONS ===
[2025-08-29T08:29:43.917Z] [INFO] 1. Replace all manual EventSource implementations with useUnifiedRealtime
[2025-08-29T08:29:43.919Z] [INFO] 2. Consolidate all realtime endpoints into /api/realtime/unified
[2025-08-29T08:29:43.922Z] [INFO] 3. Remove duplicate realtime hooks and use the centralized one
[2025-08-29T08:29:43.925Z] [INFO] 4. Test all realtime functionality after consolidation
[2025-08-29T08:29:43.928Z] [INFO] Realtime centralization check completed. 0 files fixed.
[2025-08-29T08:29:43.930Z] [INFO] Check realtime-centralization-fix.log for detailed logs.
[2025-08-29T08:31:13.752Z] [INFO] Starting realtime centralization check...
[2025-08-29T08:31:13.836Z] [INFO] src/components/UploadQueueStatus.tsx already uses centralized realtime
[2025-08-29T08:31:13.849Z] [INFO] src/components/UploadQueueStatistics.tsx already uses centralized realtime
[2025-08-29T08:31:13.864Z] [INFO] src/components/candidates/CandidateImportUploadQueue.tsx already uses centralized realtime
[2025-08-29T08:31:13.874Z] [INFO] src/components/ui/user-presence-indicator.tsx already uses centralized realtime
[2025-08-29T08:31:13.883Z] [INFO] src/components/ui/realtime-collaboration.tsx already uses centralized realtime
[2025-08-29T08:31:13.897Z] [INFO] src/components/dashboard/DashboardPageClient.tsx already uses centralized realtime
[2025-08-29T08:31:13.912Z] [INFO] src/components/positions/PositionsPageClient.tsx already uses centralized realtime
[2025-08-29T08:31:13.923Z] [INFO] src/components/candidates/CandidatesPageClient.tsx already uses centralized realtime
[2025-08-29T08:31:13.939Z] [INFO] src/components/tasks/MyTasksPageClient.tsx already uses centralized realtime
[2025-08-29T08:31:13.950Z] [INFO] src/app/task-board/page.tsx already uses centralized realtime
[2025-08-29T08:31:13.982Z] [INFO] Checking main unified realtime hook: src/hooks/use-unified-realtime-optimized.ts
[2025-08-29T08:31:14.028Z] [INFO] API endpoint exists: src/app/api/realtime/unified/route.ts
[2025-08-29T08:31:14.034Z] [WARN] Unified realtime endpoint missing broadcastEvent function
[2025-08-29T08:31:14.045Z] [INFO] API endpoint exists: src/app/api/upload-queue/sse/route.ts
[2025-08-29T08:31:14.055Z] [INFO] API endpoint exists: src/app/api/realtime/presence/route.ts
[2025-08-29T08:31:14.060Z] [INFO] === REALTIME CENTRALIZATION REPORT ===
[2025-08-29T08:31:14.073Z] [INFO] ✅ src/components/UploadQueueStatus.tsx - Uses realtime hook
[2025-08-29T08:31:14.087Z] [INFO] ✅ src/components/UploadQueueStatistics.tsx - Uses realtime hook
[2025-08-29T08:31:14.107Z] [INFO] ✅ src/components/ui/user-presence-indicator.tsx - Uses realtime hook
[2025-08-29T08:31:14.121Z] [INFO] ✅ src/components/ui/realtime-collaboration.tsx - Uses realtime hook
[2025-08-29T08:31:14.144Z] [WARN] ⚠️  src/components/dashboard/DashboardPageClient.tsx - Has manual EventSource implementation
[2025-08-29T08:31:14.149Z] [INFO] ✅ src/components/dashboard/DashboardPageClient.tsx - Uses realtime hook
[2025-08-29T08:31:14.165Z] [INFO] ✅ src/components/positions/PositionsPageClient.tsx - Uses realtime hook
[2025-08-29T08:31:14.182Z] [INFO] ✅ src/components/candidates/CandidatesPageClient.tsx - Uses realtime hook
[2025-08-29T08:31:14.197Z] [INFO] ✅ src/components/tasks/MyTasksPageClient.tsx - Uses realtime hook
[2025-08-29T08:31:14.218Z] [INFO] ✅ src/hooks/use-upload-queue-sse.ts - Uses realtime hook
[2025-08-29T08:31:14.231Z] [WARN] ⚠️  src/hooks/use-user-presence.ts - Has manual EventSource implementation
[2025-08-29T08:31:14.236Z] [INFO] ✅ src/hooks/use-user-presence.ts - Uses realtime hook
[2025-08-29T08:31:14.245Z] [INFO] ✅ src/hooks/use-unified-realtime.ts - Uses realtime hook
[2025-08-29T08:31:14.257Z] [WARN] ⚠️  src/hooks/use-unified-realtime-optimized.ts - Has manual EventSource implementation
[2025-08-29T08:31:14.260Z] [INFO] ✅ src/hooks/use-unified-realtime-optimized.ts - Uses realtime hook
[2025-08-29T08:31:14.273Z] [WARN] ⚠️  src/app/api/upload-queue/sse/route.ts - Has manual EventSource implementation
[2025-08-29T08:31:14.295Z] [WARN] ⚠️  src/app/api/realtime/unified/route.ts - Has manual EventSource implementation
[2025-08-29T08:31:14.298Z] [INFO] 
[2025-08-29T08:31:14.302Z] [INFO] === SUMMARY ===
[2025-08-29T08:31:14.306Z] [INFO] Total files checked: 18
[2025-08-29T08:31:14.308Z] [WARN] Files with manual EventSource: 5
[2025-08-29T08:31:14.311Z] [INFO] Files using realtime hooks: 12
[2025-08-29T08:31:14.314Z] [WARN] Files needing centralized realtime: 0
[2025-08-29T08:31:14.317Z] [INFO] Files fixed: 0
[2025-08-29T08:31:14.319Z] [INFO] 
[2025-08-29T08:31:14.322Z] [INFO] === RECOMMENDATIONS ===
[2025-08-29T08:31:14.325Z] [INFO] 1. Replace all manual EventSource implementations with useUnifiedRealtime
[2025-08-29T08:31:14.328Z] [INFO] 2. Consolidate all realtime endpoints into /api/realtime/unified
[2025-08-29T08:31:14.331Z] [INFO] 3. Remove duplicate realtime hooks and use the centralized one
[2025-08-29T08:31:14.335Z] [INFO] 4. Test all realtime functionality after consolidation
[2025-08-29T08:31:14.338Z] [INFO] Realtime centralization check completed. 0 files fixed.
[2025-08-29T08:31:14.341Z] [INFO] Check realtime-centralization-fix.log for detailed logs.
